WDT enable.
sd_boot
sd found ...
the sd card is a highcap card
rca : AAAA0000
SPL Block cnt:00000018
env not changed

U-Boot SPL 2013.07-dirty (Jul 20 2018 - 09:30:38)
sdram init start
DDR clk rate 01c9c380
controller_reset_phy enter.
controller_reset_phy exit.
ddr_phy_init enter.
ddr_phy_init exit.
DDRP_INNOPHY_PHY_RST		0x0000000d
DDRP_INNOPHY_MEM_CFG		0x00000010
DDRP_INNOPHY_DQ_WIDTH		0x00000003
DDRP_INNOPHY_CL			0x00000007
DDRP_INNOPHY_CWL		0x00000005
DDRP_INNOPHY_PLL_FBDIV		0x00000014
DDRP_INNOPHY_PLL_CTRL		0x00000018
DDRP_INNOPHY_PLL_PDIV		0x00000005
DDRP_INNOPHY_PLL_LOCK		0x00000000
DDRP_INNOPHY_TRAINING_CTRL	0x000000a2
DDRP_INNOPHY_CALIB_DONE		0x00000000
DDRP_INNOPHY_CALIB_DELAY_AL	0x00000012
DDRP_INNOPHY_CALIB_DELAY_AH	0x00000012
DDRP_INNOPHY_CALIB_BYPASS_AL	0x0000001c
DDRP_INNOPHY_CALIB_BYPASS_AH	0x0000001c
DDRP_INNOPHY_INIT_COMP		0x00000001
ddrc_dfi_init enter.
ddrc_dfi_init exit.
ddr_controller_init enter.
DDRC_STATUS: 00000001
ddr_controller_init exit.
DDRC_STATUS         0x00000001
DDRC_CFG            0x8a018a31
DDRC_CTRL           0x0000b090
DDRC_LMR            0x000000c2
DDRC_DLP            0xff009306
DDRC_TIMING1        0x040d0505
DDRC_TIMING2        0x04080407
DDRC_TIMING3        0x03020402
DDRC_TIMING4        0x02020204
DDRC_TIMING5        0x02045033
DDRC_REFCNT         0x430d0d81
DDRC_AUTOSR_CNT     0x00000101
DDRC_AUTOSR_EN      0x00000001
DDRC_MMAP0          0x00000080
DDRC_MMAP1          0x0000ff00
DDRC_REMAP1         0x0311100f
DDRC_REMAP2         0x07060504
DDRC_REMAP3         0x0b0a0908
DDRC_REMAP4         0x000e0d0c
DDRC_REMAP5         0x13120201
DDRC_DWCFG          0x00000000
DDRC_HREGPRO        0x00000002
DDRC_PREGPRO        0x00000002
#define timing1_tWL         5
#define timing1_tWR         5
#define timing1_tWTR        13
#define timing1_tWDLAT      4
#define timing2_tRL         7
#define timing2_tRTP        4
#define timing2_tRTW        8
#define timing2_tRDLAT      4
#define timing3_tRP         2
#define timing3_tCCD        4
#define timing3_tRCD        2
#define timing3_ttEXTRW     3
#define timing4_tRRD        4
#define timing4_tRAS        2
#define timing4_tRC         2
#define timing4_tFAW        2
#define timing5_tCKE        3
#define timing5_tXP         3
#define timing5_tCKSRE      5
#define timing5_tCKESR      4
#define timing5_tXS         2
sdram init finished


U-Boot 2013.07-dirty (Jul 20 2018 - 09:30:38)

Board: X2000-fpga (Ingenic XBurst X2000 SoC)
DRAM:  256 MiB
Top of RAM usable for U-Boot at: 90000000
Reserving 386k for U-Boot at: 8ff9c000
Reserving 65568k for malloc() at: 8bf94000
Reserving 32 Bytes for Board Info at: 8bf93fe0
Reserving 124 Bytes for Global Data at: 8bf93f64
Reserving 128k for boot params() at: 8bf73f64
Stack Pointer at: 8bf73f48
Now running in RAM - U-Boot at: 8ff9c000
MMC:   MSC: 0
jz_set_mmc_clk: clk: 400000, CPM_MSC0_CLK_R: 0x8000
jz_set_mmc_clk: clk: 400000, CPM_MSC0_CLK_R: 0x8000
jz_set_mmc_clk: clk: 50000000, CPM_MSC0_CLK_R: 0x108000
*** Warning - bad CRC, using default environment

In:    serial
Out:   serial
Err:   serial
Net:   GMAC-9161
Hit any key to stop autoboot:  1  0 
mmc0(part 0) is current device
## Booting kernel from Legacy Image at 80600000 ...
   Image Name:   Linux-4.4.94+
   Image Type:   MIPS Linux Kernel Image (gzip compressed)
   Data Size:    3098764 Bytes = 3 MiB
   Load Address: 80010000
   Entry Point:  804ad860
   Verifying Checksum ... OK
   Uncompressing Kernel Image ... OK

Starting kernel ...

[    0.000000] Initializing cgroup subsys cpuset
[    0.000000] Initializing cgroup subsys cpu
[    0.000000] Initializing cgroup subsys cpuacct
[    0.000000] Linux version 4.4.94+ (shliu@server4) (gcc version 5.2.0 (Ingenic r3.2.1-gcc520 2017.12-15) ) #28 SMP PREEMPT Thu Oct 18 15:00:49 CST 2018
[    0.000000] CPU0 RESET ERROR PC:BA000004
[    0.000000] bootconsole [early0] enabled
[    0.000000] CPU0 revision is: 00132000 (Ingenic XBurst@II)
[    0.000000] FPU revision is: 00f32000
[    0.000000] MSA revision is: 00002000
[    0.000000] MIPS: machine is img,seal
[    0.000000] Determined physical RAM map:
[    0.000000]  memory: 00632000 @ 00010000 (usable)
[    0.000000]  memory: 0003e000 @ 00642000 (usable after init)
[    0.000000] User-defined physical RAM map:
[    0.000000]  memory: 10000000 @ 00000000 (usable)
[    0.000000]  memory: 10000000 @ 30000000 (usable)
[    0.000000] Zone ranges:
[    0.000000]   Normal   [mem 0x0000000000000000-0x000000001fffffff]
[    0.000000]   HighMem  [mem 0x0000000020000000-0x000000003fffffff]
[    0.000000] Movable zone start for each node
[    0.000000] Early memory node ranges
[    0.000000]   node   0: [mem 0x0000000000000000-0x000000000fffffff]
[    0.000000]   node   0: [mem 0x0000000030000000-0x000000003fffffff]
[    0.000000] Initmem setup node 0 [mem 0x0000000000000000-0x000000003fffffff]
[    0.000000] Reserving 0MB of memory at 0MB for crashkernel
[    0.000000] [SMP] Slave CPU(s) 1 available.
[    0.000000] Primary instruction cache 32kB, VIPT, 8-way, linesize 32 bytes.
[    0.000000] Primary data cache 32kB, 8-way, VIPT, no aliases, linesize 32 bytes
[    0.000000] Unified secondary cache 512kB 16-way, linesize 64 bytes.
[    0.000000] PERCPU: Embedded 10 pages/cpu @8191b000 s8304 r8192 d24464 u40960
[    0.000000] Built 1 zonelists in Zone order, mobility grouping on.  Total pages: 129920
[    0.000000] Kernel command line: console=ttyS0,115200 mem=256M@0x0 mem=256M@0x30000000 rootfstype=ext4 root=/dev/mmcblk0p7 rootdelay=3 rw
[    0.000000] PID hash table entries: 1024 (order: 0, 4096 bytes)
[    0.000000] Dentry cache hash table entries: 32768 (order: 5, 131072 bytes)
[    0.000000] Inode-cache hash table entries: 16384 (order: 4, 65536 bytes)
[    0.000000] Memory: 507828K/524288K available (4749K kernel code, 265K rwdata, 1320K rodata, 248K init, 192K bss, 16460K reserved, 0K cma-reserved, 262144K highmem)
[    0.000000] SLUB: HWalign=32, Order=0-3, MinObjects=0, CPUs=2, Nodes=1
[    0.000000] Preemptible hierarchical RCU implementation.
[    0.000000] 	Build-time adjustment of leaf fanout to 32.
[    0.000000] NR_IRQS:407
[    0.000000] parse cpu-intc-iomap, intc define in dt is too large!
[    0.000000] core irq setup finished
[    0.000000] percpu irq inited.
[    0.000000] CPU:[24M]L2CACHE:[24M]AHB0:[24M]AHB2:[24M]PCLK:[24M]
[    0.000000] parse cpu-ost-iomap, ost number define in dt is too large!
[    0.000000] percpu cpu_num:0 timerevent init
[    0.000000] clockevents_config_and_register success.
[    0.000000] clocksource: jz_clocksource: mask: 0x7fffffffffffffff max_cycles: 0x588fe9dc0, max_idle_ns: 440795202592 ns
[    0.000000] sched_clock: 64 bits at 24MHz, resolution 41ns, wraps every 4398046511097ns
[    0.000000] Console: colour dummy device 80x25
[    0.000000] Calibrating delay loop... 37.47 BogoMIPS (lpj=187392)
[    0.000000] pid_max: default: 32768 minimum: 301
[    0.000000] Security Framework initialized
[    0.000000] Mount-cache hash table entries: 1024 (order: 0, 4096 bytes)
[    0.000000] Mountpoint-cache hash table entries: 1024 (order: 0, 4096 bytes)
[    0.000000] Initializing cgroup subsys io
[    0.000000] Initializing cgroup subsys memory
[    0.000000] Initializing cgroup subsys devices
[    0.000000] Initializing cgroup subsys freezer
[    0.000000] Initializing cgroup subsys pids
[    0.000000] Initializing cgroup subsys debug
[    0.000000] [SMP] Prepare 2 cores., cpu: 0
[    0.000000] [SMP] Booting CPU1 ...
[    0.000000] CPU1 RESET ERROR PC:00000000
[    0.000000] Primary instruction cache 32kB, VIPT, 8-way, linesize 32 bytes.
[    0.000000] Primary data cache 32kB, 8-way, VIPT, no aliases, linesize 32 bytes
[    0.000000] Unified secondary cache 512kB 16-way, linesize 64 bytes.
[    0.000000] #### now starting init for cpu : 1
[    0.000000] percpu irq inited.
[    0.000000] percpu cpu_num:1 timerevent init
[    0.000000] clockevents_config_and_register success.
[    0.000000] CPU1 revision is: 00132000 (Ingenic XBurst@II)
[    0.000000] FPU revision is: 00f32000
[    0.000000] MSA revision is: 00002000
[    0.000000] Brought up 2 CPUs
[    0.000000] [SMP] slave cpu1 start up finished.
[    0.000000] devtmpfs: initialized
[    0.000000] clocksource: jiffies: mask: 0xffffffff max_cycles: 0xffffffff, max_idle_ns: 19112604462750000 ns
[    0.000000] futex hash table entries: 512 (order: 2, 16384 bytes)
[    0.000000] pinctrl core: initialized pinctrl subsystem
[    0.000000] NET: Registered protocol family 16
[    0.000000] ingenic pinctrl 10010000.pinctrl: 6 gpio chip add success, pins 145
[    0.000000] ingenic pinctrl 10010000.pinctrl: ingenic pinctrl probe success
[    0.000893] clocksource: Switched to clocksource jz_clocksource
[    0.509308] NET: Registered protocol family 2
[    0.537739] TCP established hash table entries: 2048 (order: 1, 8192 bytes)
[    0.544488] TCP bind hash table entries: 2048 (order: 2, 16384 bytes)
[    0.552009] TCP: Hash tables configured (established 2048 bind 2048)
[    0.558416] UDP hash table entries: 256 (order: 1, 8192 bytes)
[    0.563975] UDP-Lite hash table entries: 256 (order: 1, 8192 bytes)
[    0.575062] NET: Registered protocol family 1
[    0.589644] RPC: Registered named UNIX socket transport module.
[    0.594303] RPC: Registered udp transport module.
[    0.597344] RPC: Registered tcp transport module.
[    0.601028] RPC: Registered tcp NFSv4.1 backchannel transport module.
[    0.654143] audit: initializing netlink subsys (disabled)
[    0.658751] audit: type=2000 audit(2.610:1): initialized
[    1.078417] jffs2: version 2.2. (NAND) Â© 2001-2006 Red Hat, Inc.
[    1.431595] jitterentropy: Initialization failed with host not compliant with requirements: 2
[    1.467347] bounce: pool size: 64 pages
[    1.471737] io scheduler noop registered
[    1.474614] io scheduler deadline registered
[    1.478673] io scheduler cfq registered (default)
[    1.504982] 10030000.serial: ttyS0 at MMIO 0x10030000 (irq = 55, base_baud = 1500000) is a uart0
[    1.513447] console [ttyS0] enabled
[    1.513447] console [ttyS0] enabled
[    1.517990] bootconsole [early0] disabled
[    1.517990] bootconsole [early0] disabled
[    1.540129] 10032000.serial: ttyS2 at MMIO 0x10032000 (irq = 53, base_baud = 1500000) is a uart2
[    1.898134] loop: module loaded
[    1.974838] ingenic-tcu 10002000.tcu: Ingenic TCU driver register completed ret = 0
[    2.022495] tun: Universal TUN/TAP device driver, 1.6
[    2.026199] tun: (C) 1999-2004 Max Krasnyansky <maxk@qualcomm.com>
[    2.071918] Bus Mode Reg after reset: 0x00020101, cnt=0
[    2.076568] Bus Mode Reg after reset: 0x00020101, cnt=1
[    2.081916] Bus Mode Reg after reset: 0x00020101, cnt=2
[    2.086470] Bus Mode Reg after reset: 0x00020101, cnt=3
[    2.091589] Bus Mode Reg after reset: 0x00020101, cnt=4
[    2.096134] Bus Mode Reg after reset: 0x00020101, cnt=5
[    2.101391] Bus Mode Reg after reset: 0x00020101, cnt=6
[    2.105947] Bus Mode Reg after reset: 0x00020101, cnt=7
[    2.111056] Bus Mode Reg after reset: 0x00020101, cnt=8
[    2.115663] Bus Mode Reg after reset: 0x00020101, cnt=9
[    2.121130] dwc-mac 134b0000.mac: PROB:synopGMAC_reset timeout...
[    2.127223] dwc-mac: probe of 134b0000.mac failed with error -145
[    2.714547] i8042: i8042 controller selftest timeout
[    2.738275] rtc-ingenic 10003000.rtc: usb rtc clk, system power on first time
[    2.758257] rtc-ingenic 10003000.rtc: rtc core: registered rtc-ingenic as rtc0
[    2.798347] sdhci: Secure Digital Host Controller Interface driver
[    2.806033] sdhci: Copyright(c) Pierre Ossman
[    2.816351] mmc gpio ingneic,rst-gpios num:-16 en-level: 0
[    2.821212] mmc gpio ingneic,wp-gpios num:-16 en-level: 0
[    2.825119] mmc gpio ingneic,pwr-gpios num:-16 en-level: 0
[    2.828913] mmc gpio ingneic,cd-gpios num:-16 en-level: 0
[    2.835910] mmc0: Unknown controller version (5). You may experience problems.
[    2.842501] ingenic,sdhci 13450000.msc: No vmmc regulator found
[    2.846689] ingenic,sdhci 13450000.msc: No vqmmc regulator found
[    2.881800] sdhci_ingenic_set_clock, set clk: 400000, get_clk_rate=6000000
[    2.886789] sdhci_ingenic_set_clock, set clk: 400000, get_clk_rate=6000000
[    2.911560] mmc0: SDHCI controller on ingenic-sdhci [13450000.msc] using ADMA
[    2.914004] sdhci_ingenic_set_clock, set clk: 400000, get_clk_rate=6000000
[    2.916971] sdhci_ingenic_set_clock, set clk: 400000, get_clk_rate=6000000
[    2.923374] sdhci_ingenic_set_clock, set clk: 400000, get_clk_rate=6000000
[    2.926290] sdhci_ingenic_set_clock, set clk: 400000, get_clk_rate=6000000
[    2.956050] Netfilter messages via NETLINK v0.30.
[    2.962269] sdhci_ingenic_set_clock, set clk: 400000, get_clk_rate=6000000
[    2.963862] ip_set: protocol 6
[    2.969118] sdhci_ingenic_set_clock, set clk: 50000000, get_clk_rate=6000000
[    2.973789] ip_tables: (C) 2000-2006 Netfilter Core Team
[    2.977599] sdhci_ingenic_set_clock, set clk: 50000000, get_clk_rate=6000000
[    2.981067] NET: Registered protocol family 17
[    2.992831] sdhci_ingenic_set_clock, set clk: 50000000, get_clk_rate=6000000
[    2.998264] mmc0: new high speed SDHC card at address aaaa
[    3.049200] mmcblk0: mmc0:aaaa SL08G 7.40 GiB 
[    3.057802] Key type encrypted registered
[    3.096531] Alternate GPT is invalid, using primary GPT.
[    3.103505]  mmcblk0: p1 p2 p3 p4 p5 p6 p7
[    3.113982] input: gpio_keys as /devices/platform/gpio_keys/input/input0
[    3.129939] rtc-ingenic 10003000.rtc: setting system clock to 1970-01-01 00:00:00 UTC (0)
[    3.305201] Waiting 3 sec before mounting root device...
[    6.404035] EXT4-fs (mmcblk0p7): warning: mounting unchecked fs, running e2fsck is recommended
[    6.456045] EXT4-fs (mmcblk0p7): mounted filesystem without journal. Opts: (null)
[    6.463220] VFS: Mounted root (ext4 filesystem) on device 179:7.
[    6.495096] devtmpfs: mounted
[    6.506873] Freeing unused kernel memory: 248K
[    8.529159] EXT4-fs (mmcblk0p7): re-mounted. Opts: block_validity,delalloc,barrier,user_xattr,acl,errors=remount-ro
mount: mounting devpts on /dev/pts failed: No such file or directory
mount: mounting tmpfs on /dev/shm failed: No such file or directory
hostname: can't open '/etc/hostname': No such file or directory
Starting logging: OK
Starting mdev...
modprobe: can't change directory to '/lib/modules': No such file or directory
Initializing random number generator... [   36.943968] random: dd: uninitialized urandom read (512 bytes read, 27 bits of entropy available)
done.
Starting system message bus: [   38.293592] random: dbus-uuidgen: uninitialized urandom read (12 bytes read, 29 bits of entropy available)
[   38.304516] random: dbus-uuidgen: uninitialized urandom read (8 bytes read, 29 bits of entropy available)
[   38.684253] random: dbus-daemon: uninitialized urandom read (12 bytes read, 29 bits of entropy available)
[   38.959422] random: dbus-daemon: uninitialized urandom read (12 bytes read, 30 bits of entropy available)
done
Starting network: ifup: can't open '/etc/network/interfaces': No such file or directory
FAIL
Starting telnetd: OK
# 
# 
# 
# 
# ls
bin  etc	init  lib32    linuxrc	   media  opt	root  sbin  tmp  var
dev  float.out	lib   libexec  lost+found  mnt	  proc	run   sys   usr
# cd sb# cd sbin/
# ll
-/bin/sh: ll: not found
# ls
acpid	     hdparm	iwgetid     mkfs.msdos	      slattach
adjtimex     hwclock	iwlist	    mkfs.vfat	      start-stop-daemon
arp	     ifconfig	iwpriv	    mkswap	      sulogin
blkid	     ifdown	iwspy	    modinfo	      swapoff
blockdev     ifenslave	klogd	    modprobe	      swapon
bootchartd   ifup	loadkmap    mount.lowntfs-3g  switch_root
depmod	     init	logread     mount.ntfs-3g     sysctl
devmem	     insmod	losetup     nameif	      syslogd
fbsplash     ip		lsmod	    pivot_root	      tunctl
fdisk	     ipaddr	makedevs    poweroff	      udhcpc
findfs	     iplink	mdev	    raidautorun       uevent
freeramdisk  ipneigh	mkdosfs     reboot	      vconfig
fsck.minix   iproute	mke2fs	    rmmod	      watchdog
fstrim	     iprule	mkfs.ext2   route	      zcip
getty	     iptunnel	mkfs.fat    runlevel
halt	     iwconfig	mkfs.minix  setconsole
# cd ../
# ls
bin  etc	init  lib32    linuxrc	   media  opt	root  sbin  tmp  var
dev  float.out	lib   libexec  lost+found  mnt	  proc	run   sys   usr
# find -name "*ltp*
> ^C
> ^C
> ^C
> ^C
> ^C
> > find -name "*ltp*> q
> exit
> > exit> q> find -name "*ltp*"
> ^C
> ^C
> ^C
> ^C
> ^C
> ^C
> ^C
> ^C
> cd 
> pw
> pwd
> ^C
> ^C
> ^C
> ^C
> ^C
> ^C
> ^C
> top
> 
> 
> 
> 
> 
> qq[   71.573096] EXT4-fs error (device mmcblk0p7): ext4_mb_generate_buddy:758: group 12, block bitmap and bg descriptor inconsistent: 3416 vs 3417 free clusters
[   71.585165] EXT4-fs (mmcblk0p7): Remounting filesystem read-only
[   71.595400] EXT4-fs (mmcblk0p7): ext4_writepages: jbd2_start: 2047 pages, ino 4338; err -30
qq
> 
> 
> 
> ^C
> ^C
> ^C
> ^C
> ^C
> 
> 
> ^C
> ^C
> ^C
> ^C
> 
> 
> 
> 
> eixt
> 
> 
> ^C
> ^C
> ^C
> ^C
> ^C
> ^C
> 
> 
> 
> 
> 
> 
> 
> 
> 
> exit
> 
> 
> WDT enable.
sd_boot
sd found ...
the sd card is a highcap card
rca : AAAA0000
SPL Block cnt:0000002B
env not changed

U-Boot SPL 2013.07-00002-gc87836f-dirty (Apr 30 2019 - 11:49:27)
sdram init start
DDR clk rate 01c9c380
controller_reset_phy enter.
controller_reset_phy exit.
ddr_phy_init enter.
ddr_phy_init exit.
DDRP_INNOPHY_PHY_RST		0x0000000d
DDRP_INNOPHY_MEM_CFG		0x00000010
DDRP_INNOPHY_DQ_WIDTH		0x00000003
DDRP_INNOPHY_CL			0x00000007
DDRP_INNOPHY_CWL		0x00000005
DDRP_INNOPHY_PLL_FBDIV		0x00000014
DDRP_INNOPHY_PLL_CTRL		0x00000018
DDRP_INNOPHY_PLL_PDIV		0x00000005
DDRP_INNOPHY_PLL_LOCK		0x00000000
DDRP_INNOPHY_TRAINING_CTRL	0x000000a2
DDRP_INNOPHY_CALIB_DONE		0x00000000
DDRP_INNOPHY_CALIB_DELAY_AL	0x00000012
DDRP_INNOPHY_CALIB_DELAY_AH	0x00000012
DDRP_INNOPHY_CALIB_BYPASS_AL	0x0000001c
DDRP_INNOPHY_CALIB_BYPASS_AH	0x0000001c
DDRP_INNOPHY_INIT_COMP		0x00000001
ddrc_dfi_init enter.
ddrc_dfi_init exit.
ddr_controller_init enter.
DDRC_STATUS: 00000001
ddr_controller_init exit.
DDRC_STATUS         0x00000001
DDRC_CFG            0x6a016a31
DDRC_CTRL           0x0000b090
DDRC_LMR            0x000000c2
DDRC_DLP            0xff009306
DDRC_TIMING1        0x040d0505
DDRC_TIMING2        0x04080407
DDRC_TIMING3        0x03020402
DDRC_TIMING4        0x02020204
DDRC_TIMING5        0x02045033
DDRC_REFCNT         0x430d0d81
DDRC_AUTOSR_CNT     0x00000101
DDRC_AUTOSR_EN      0x00000001
DDRC_MMAP0          0x000020e0
DDRC_MMAP1          0x00004000
DDRC_REMAP1         0x03100f0e
DDRC_REMAP2         0x07060504
DDRC_REMAP3         0x0b0a0908
DDRC_REMAP4         0x01000d0c
DDRC_REMAP5         0x13121102
DDRC_DWCFG          0x00000000
DDRC_HREGPRO        0x00000002
DDRC_PREGPRO        0x00000002
#define timing1_tWL         5
#define timing1_tWR         5
#define timing1_tWTR        13
#define timing1_tWDLAT      4
#define timing2_tRL         7
#define timing2_tRTP        4
#define timing2_tRTW        8
#define timing2_tRDLAT      4
#define timing3_tRP         2
#define timing3_tCCD        4
#define timing3_tRCD        2
#define timing3_ttEXTRW     3
#define timing4_tRRD        4
#define timing4_tRAS        2
#define timing4_tRC         2
#define timing4_tFAW        2
#define timing5_tCKE        3
#define timing5_tXP         3
#define timing5_tCKSRE      5
#define timing5_tCKESR      4
#define timing5_tXS         2
sdram init finished


U-Boot 2013.07-00002-gc87836f-dirty (Apr 30 2019 - 11:49:27)

Board: X2000-fpga (Ingenic XBurst X2000 SoC)
DRAM:  256 MiB
Top of RAM usable for U-Boot at: 90000000
Reserving 623k for U-Boot at: 8ff64000
Reserving 65568k for malloc() at: 8bf5c000
Reserving 32 Bytes for Board Info at: 8bf5bfe0
Reserving 124 Bytes for Global Data at: 8bf5bf64
Reserving 128k for boot params() at: 8bf3bf64
Stack Pointer at: 8bf3bf48
Now running in RAM - U-Boot at: 8ff64000
MMC:   MSC: 0
jz_set_mmc_clk: clk: 400000, CPM_MSC0_CLK_R: 0x8000
jz_set_mmc_clk: clk: 400000, CPM_MSC0_CLK_R: 0x8000
jz_set_mmc_clk: clk: 50000000, CPM_MSC0_CLK_R: 0x108000
*** Warning - bad CRC, using default environment

In:    serial
Out:   serial
Err:   serial
Net:   GMAC-9161
Hit any key to stop autoboot:  1  0 
mmc0(part 0) is current device
## Booting kernel from Legacy Image at 80600000 ...
   Image Name:   Linux-3.10.14-00071-g1a31c2b-dir
   Image Type:   MIPS Linux Kernel Image (gzip compressed)
   Data Size:    2588574 Bytes = 2.5 MiB
   Load Address: 80010000
   Entry Point:  803f91e0
   Verifying Checksum ... OK
   Uncompressing Kernel Image ... OK

Starting kernel ...

[    0.000000] Initializing cgroup subsys cpuset
[    0.000000] Initializing cgroup subsys cpu
[    0.000000] Initializing cgroup subsys cpuacct
[    0.000000] Linux version 3.10.14-00071-g1a31c2b-dirty (shliu@server4) (gcc version 5.2.0 (Ingenic r3.2.1-gcc520 2017.12-15) ) #55 SMP PREEMPT Thu Sep 27 10:25:37 CST 2018
[    0.000000] bootconsole [early0] enabled
[    0.000000] CPU0 RESET ERROR PC:80038278
[    0.000000] [<80038278>] copy_process.part.6+0x9d8/0x1040
[    0.000000] decode_config0: config0 = 80000603
[    0.000000] decode_config1: config1 = be6733db
[    0.000000] decode_config2: config2 = 8000235f
[    0.000000] decode_config3: config3 = 90003020
[    0.000000] decode_config4: config4 = e0fcc126
[    0.000000] decode_config5: config5 = 0
[    0.000000] decode_config4: config4 = e0fcc126
[    0.000000] TLBINV/F supported, config4=0xe0fcc126
[    0.000000] V/FTLB found: VTLB=32, FTLB sets=64, ways=4 total TLB=288
[    0.000000] ---------cpu_probe_ingenic, ====== 1312 
[    0.000000] CPU0 revision is: 00132000 (Ingenic Xburst@II)
[    0.000000] FPU revision is: 00f32000
[    0.000000] MSA revision is: 00002000
[    0.000000] Determined physical RAM map:
[    0.000000]  memory: 0054c000 @ 00010000 (usable)
[    0.000000]  memory: 00034000 @ 0055c000 (usable after init)
[    0.000000] User-defined physical RAM map:
[    0.000000]  memory: 10000000 @ 00000000 (usable)
[    0.000000]  memory: 10000000 @ 30000000 (usable)
[    0.000000] Zone ranges:
[    0.000000]   Normal   [mem 0x00000000-0x1fffffff]
[    0.000000]   HighMem  [mem 0x20000000-0x3fffffff]
[    0.000000] Movable zone start for each node
[    0.000000] Early memory node ranges
[    0.000000]   node   0: [mem 0x00000000-0x0fffffff]
[    0.000000]   node   0: [mem 0x30000000-0x3fffffff]
[    0.000000] [SMP] Slave CPU(s) 1 available.
[    0.000000] Primary instruction cache 32kB, 8-way, VIPT, linesize 32 bytes.
[    0.000000] Primary data cache 32kB, 8-way, VIPT, no aliases, linesize 32 bytes
[    0.000000] pls check processor_id[0x00132000],sc_jz not support!
[    0.000000] =======found ...... ingenic sc cache ops ...!, found: 1
[    0.000000] 
[    0.000000] MIPS secondary cache 512kB, 16-way, linesize 64 bytes.
[    0.000000] PERCPU: Embedded 7 pages/cpu @8180d000 s7888 r8192 d12592 u32768
[    0.000000] Built 1 zonelists in Zone order, mobility grouping on.  Total pages: 130048
[    0.000000] Kernel command line: console=ttyS0,115200 mem=256M@0x0 mem=256M@0x30000000 rootfstype=ext4 root=/dev/mmcblk0p7 rootdelay=3 rw
[    0.000000] PID hash table entries: 1024 (order: 0, 4096 bytes)
[    0.000000] Dentry cache hash table entries: 32768 (order: 5, 131072 bytes)
[    0.000000] Inode-cache hash table entries: 16384 (order: 4, 65536 bytes)
[    0.000000] Memory: 504708k/262144k available (4092k kernel code, 19580k reserved, 1331k data, 208k init, 262144k highmem)
[    0.000000] SLUB: HWalign=32, Order=0-3, MinObjects=0, CPUs=2, Nodes=1
[    0.000000] Preemptible hierarchical RCU implementation.
[    0.000000] NR_IRQS:407
[    0.000000] core irq setup finished
[    0.000000] percpu irq inited.
[    0.000000] FPGA Clock Power Management Unit init!
[    0.000000] ------------[ cut here ]------------
[    0.000000] WARNING: at drivers/clk/clk-divider.c:114 clk_divider_recalc_rate+0xb0/0xd4()
[    0.000000] cpu0: Zero divisor and CLK_DIVIDER_ALLOW_ZERO not set
[    0.000000] Modules linked in:
[    0.000000] CPU: 0 PID: 0 Comm: swapper/0 Not tainted 3.10.14-00071-g1a31c2b-dirty #55
[    0.000000] Stack : 8059372a 0000004a 80540000 80540000 00000000 8c019880 80536650 80536347
	  804c1554 00000000 00000000 80592ec0 00000016 00000000 804c07cc 80406b74
	  8053db98 80039654 804ca1e4 00000000 804c30b4 80519cc4 80519cc4 80536650
	  00000000 00000000 00000000 00000000 00000000 00000000 00000000 00000000
	  00000000 00000000 00000000 00000000 00000000 00000000 00000000 80519c58
	  ...
[    0.000000] Call Trace:
[    0.000000] [<8001fef4>] show_stack+0x48/0x70
[    0.000000] [<8003977c>] warn_slowpath_common+0x78/0xa8
[    0.000000] [<800397d8>] warn_slowpath_fmt+0x2c/0x38
[    0.000000] [<802affec>] clk_divider_recalc_rate+0xb0/0xd4
[    0.000000] [<802af750>] __clk_init+0x2f0/0x458
[    0.000000] [<802afa64>] _clk_register+0x140/0x1b0
[    0.000000] [<802afb34>] clk_register+0x60/0x90
[    0.000000] [<802b0ff4>] ingenic_clk_div+0xe8/0x134
[    0.000000] [<80570ef8>] ingenic_clk_register_div+0xa4/0x13c
[    0.000000] [<8055ed28>] init_all_clk+0x88/0xb0
[    0.000000] [<8055dd7c>] plat_time_init+0x10/0x1c
[    0.000000] [<8055c86c>] start_kernel+0x28c/0x3dc
[    0.000000] 
[    0.000000] ---[ end trace 4eaa2a86a8e2da22 ]---
[    0.000000] =========== FPGA clocks: =============
[    0.000000] ext_clk  = 24000000
[    0.000000] 
[    0.000000] percpu cpu_num:0 timeevent init
[    0.000000] Error: cpu[0] ost cannot finded clk[ost1]
[    0.000000] clockevents_config_and_register success.
[    0.000000] warning: ost clk get fail!,name:global_ost
[    0.000000] Console: colour dummy device 80x25
[    0.000000] Lock dependency validator: Copyright (c) 2006 Red Hat, Inc., Ingo Molnar
[    0.000000] ... MAX_LOCKDEP_SUBCLASSES:  8
[    0.000000] ... MAX_LOCK_DEPTH:          48
[    0.000000] ... MAX_LOCKDEP_KEYS:        8191
[    0.000000] ... CLASSHASH_SIZE:          4096
[    0.000000] ... MAX_LOCKDEP_ENTRIES:     16384
[    0.000000] ... MAX_LOCKDEP_CHAINS:      32768
[    0.000000] ... CHAINHASH_SIZE:          16384
[    0.000000]  memory used by lock dependency info: 3695 kB
[    0.000000]  per task-struct memory footprint: 1152 bytes
[    0.000000] Calibrating delay loop... 19.96 BogoMIPS (lpj=9984)
[    0.000000] pid_max: default: 32768 minimum: 301
[    0.000000] Mount-cache hash table entries: 512
[    0.000000] Initializing cgroup subsys devices
[    0.000000] Initializing cgroup subsys freezer
[    0.000000] Initializing cgroup subsys blkio
[    0.000000] [SMP] Prepare 2 cores., cpu: 0
[    0.000000] [SMP] Booting CPU1 ...
[    0.000000] CPU1 RESET ERROR PC:8001824C
[    0.000000] [<8001824c>] multithread_test_deinit+0x78/0x9c
[    0.000000] decode_config0: config0 = 80000603
[    0.000000] decode_config1: config1 = be6733db
[    0.000000] decode_config2: config2 = 8000235f
[    0.000000] decode_config3: config3 = 90003020
[    0.000000] decode_config4: config4 = e0fcc126
[    0.000000] decode_config5: config5 = 0
[    0.000000] decode_config4: config4 = e0fcc126
[    0.000000] TLBINV/F supported, config4=0xe0fcc126
[    0.000000] V/FTLB found: VTLB=32, FTLB sets=64, ways=4 total TLB=288
[    0.000000] ---------cpu_probe_ingenic, ====== 1312 
[    0.000000] CPU1 revision is: 00132000 (Ingenic Xburst@II)
[    0.000000] FPU revision is: 00f32000
[    0.000000] MSA revision is: 00002000
[    0.000000] Primary instruction cache 32kB, 8-way, VIPT, linesize 32 bytes.
[    0.000000] Primary data cache 32kB, 8-way, VIPT, no aliases, linesize 32 bytes
[    0.000000] pls check processor_id[0x00132000],sc_jz not support!
[    0.000000] =======found ...... ingenic sc cache ops ...!, found: 1
[    0.000000] 
[    0.000000] MIPS secondary cache 512kB, 16-way, linesize 64 bytes.
[    0.000000] #### now starting init for cpu : 1
[    0.000000] percpu irq inited.
[    0.000000] percpu cpu_num:1 timeevent init
[    0.000000] Error: cpu[1] ost cannot finded clk[ost2]
[    0.000000] clockevents_config_and_register success.
[    0.000000] [SMP] slave cpu1 start up finished.
[    0.000000] Brought up 2 CPUs
[    0.000000] devtmpfs: initialized
[    0.000000] NET: Registered protocol family 16
[    0.000000] bio: create slab <bio-0> at 0
[    0.000000] jz-dma jz-dma: JZ SoC DMA initialized
[    0.000000] SCSI subsystem initialized
[    0.000000] cfg80211: Calling CRDA to update world regulatory domain
[    0.000000] Switching to clocksource jz_clocksource
[    5.157200] NET: Registered protocol family 2
[    5.443348] TCP established hash table entries: 2048 (order: 2, 16384 bytes)
[    5.482194] TCP bind hash table entries: 2048 (order: 4, 73728 bytes)
[    5.650275] TCP: Hash tables configured (established 2048 bind 2048)
[    5.683116] TCP: reno registered
[    5.690330] UDP hash table entries: 256 (order: 2, 20480 bytes)
[    5.741177] UDP-Lite hash table entries: 256 (order: 2, 20480 bytes)
[    5.982247] NET: Registered protocol family 1
[    6.209987] RPC: Registered named UNIX socket transport module.
[    6.214989] RPC: Registered udp transport module.
[    6.219129] RPC: Registered tcp transport module.
[    6.225187] RPC: Registered tcp NFSv4.1 backchannel transport module.
[    6.494164] msc_init: register MSC0 Controller!!!
[    7.139209] bounce pool size: 64 pages
[   11.544146] msgmni has been set to 473
[   11.847652] hrtimer: interrupt took 2383352 ns
[   13.037167] Block layer SCSI generic (bsg) driver version 0.4 loaded (major 253)
[   13.047127] io scheduler noop registered
[   13.051164] io scheduler deadline registered
[   13.124180] io scheduler cfq registered (default)
[   16.329275] jz-uart.0: ttyS0 at MMIO 0x10030000 (irq = 55) is a uart0
[   16.355163] console [ttyS0] enabled, bootconsole disabled
[   16.355163] console [ttyS0] enabled, bootconsole disabled
[   16.601317] jz-uart.2: ttyS2 at MMIO 0x10032000 (irq = 53) is a uart2
[   17.022128] jz TCU driver register completed
[   17.084133] test tcu probe ok!
[   17.139272] =========>gmacdev->MacBase = 0xb34b0000 DmaBase = 0xb34b1000
[   17.149193] Bus Mode Reg after reset: 0x00020101, cnt=0
[   17.158117] Bus Mode Reg after reset: 0x00020101, cnt=1
[   17.167039] Bus Mode Reg after reset: 0x00020101, cnt=2
[   17.175178] Bus Mode Reg after reset: 0x00020101, cnt=3
[   17.184004] Bus Mode Reg after reset: 0x00020101, cnt=4
[   17.193099] Bus Mode Reg after reset: 0x00020101, cnt=5
[   17.202177] Bus Mode Reg after reset: 0x00020101, cnt=6
[   17.211113] Bus Mode Reg after reset: 0x00020101, cnt=7
[   17.219974] Bus Mode Reg after reset: 0x00020101, cnt=8
[   17.228146] Bus Mode Reg after reset: 0x00020101, cnt=9
[   17.237949] func:jz_mac_probe, synopGMAC_reset failed
[   17.250160] jz_mac: probe of jz_mac failed with error -1
[   17.397273] jz-rtc jz-rtc.0: rtc core: registered jz-rtc as rtc0
[   17.463274] mmc0: Unknown controller version (5). You may experience problems.
[   17.617167] mmc0: SDHCI controller on ingenic-msc [jz-sdhci.0] using ADMA
[   17.654164] sdhci: Secure Digital Host Controller Interface driver
[   17.660060] sdhci: Copyright(c) Pierre Ossman
[   17.824092] Netfilter messages via NETLINK v0.30.
[   17.833989] nfnl_acct: registering with nfnetlink.
[   17.889170] ip_set: protocol 6
[   17.952091] ip_tables: (C) 2000-2006 Netfilter Core Team
[   18.033205] TCP: cubic registered
[   18.037073] Initializing XFRM netlink socket
[   18.051148] NET: Registered protocol family 17
[   18.067205] NET: Registered protocol family 15
[   18.207173] l2c_test debugfs init ok.
[   18.226301] mmc0: new high speed SDHC card at address aaaa
[   18.229187] cpu_spinlock_test:debugfs init ok.
[   18.249135] cpu_ccu_test:debugfs init ok.
[   18.264997] cycle raw dma_test debugfs init ok.
[   18.288026] cpu_dma_test:debugfs init ok.
[   18.317425] dma dma0chan0: Channel 0 have been requested.(phy id 7,type 0x08 desc ac27f000)
[   18.335258] dma dma0chan1: Channel 1 have been requested.(phy id 6,type 0x08 desc ac280000)
[   18.357055] cpu_dma_test register ok.
[   18.379034] cpu watch test probe ok!
[   18.590231] mmcblk0: mmc0:aaaa SS16G 14.8 GiB 
[   18.986163] input: gpio-keys as /devices/platform/gpio-keys/input/input0
[   19.072423] jz-rtc jz-rtc.0: setting system clock to 1970-01-01 00:07:17 UTC (437)
[   19.294291] Waiting 3sec before mounting root device...
[   19.431239] Alternate GPT is invalid, using primary GPT.
[   19.454082]  mmcblk0: p1 p2 p3 p4 p5 p6 p7 p8
[   23.779425] EXT4-fs (mmcblk0p7): mounted filesystem with ordered data mode. Opts: (null)
[   23.808253] VFS: Mounted root (ext4 filesystem) on device 179:7.
[   24.006165] devtmpfs: mounted
[   24.058291] Freeing unused kernel memory: 208K (8055c000 - 80590000)
[   33.130400] EXT4-fs (mmcblk0p7): re-mounted. Opts: data=ordered
Starting logging: OK
Starting mdev...
Initializing random number generator... done.
Starting network...
[root@buildroot /]# 
[root@buildroot /]# 
[root@buildroot /]# 
[root@buildroot /]# ls
bin/        icache*     lib32@      mnt/        run@        usr/
dev/        ifu_loop*   linuxrc@    opt/        sbin/       var/
etc/        init*       lost+found/ proc/       sys/
home/       lib/        media/      root/       tmp/
[root@buildroot /]# cd mb nt/
[root@buildroot mnt]# ls
[root@buildroot mnt]# cd ../
[root@buildroot /]# ls
bin/        icache*     lib32@      mnt/        run@        usr/
dev/        ifu_loop*   linuxrc@    opt/        sbin/       var/
etc/        init*       lost+found/ proc/       sys/
home/       lib/        media/      root/       tmp/
[root@buildroot /]# cd usr/
[root@buildroot usr]# ls
IDcheck.sh*      output/          runtest/         testcases/
Version          results/         sbin/            testscripts/
bin/             runalltests.sh*  scenario_groups/ ver_linux*
lib/             runltp*          share/
lib32@           runltplite.sh*   src/
[root@buildroot usr]# cd t sbin/
[root@buildroot sbin]# ls
StorageMedia-Test.sh* ether-wake@           mem-15-3-noprintf*
addgroup@             fdformat*             membreak*
adduser@              filefrag*             memtest.sh*
arping@               findfs@               mke2fs*
atomictest*           fpga-cputest+ltp.sh*  mkfs.ext2@
badblocks*            fpga-cputest.sh*      mkfs.ext3@
chroot@               fpga-dmacachetest.sh* mkfs.ext4@
cpureboot.sh*         fpga-rixitest.sh*     mkfs.ext4dev@
cputest.sh*           fsck*                 mklost+found*
crond@                fsck.ext2@            rdate@
ddr_test_nosimd*      fsck.ext3@            readprofile*
ddr_test_simd*        fsck.ext4@            rixitest*
ddrtest.sh*           fsck.ext4dev@         rixitest-t3*
delgroup@             inetd@                rixitest.sh*
deluser@              kdump*                rtcwake*
dmacachetest.sh*      kexec*                setlogcons@
dnsd@                 killall5@             switchcpu.sh*
dumpe2fs*             ldattach*             tune2fs@
e2freefrag*           loadfont@             vmcore-dmesg*
e2fsck*               logsave*              wpa_supplicant*
e2label*              ltp_test.sh*
e2undo*               mem-15-3*
[root@buildroot sbin]# ./fpga-cputest.sh &
[1] 92
[root@buildroot sbin]# ------ ddr perf test ........
PID   USER     COMMAND
    1 root     init
    2 root     [kthreadd]
[  459.091552] dma dma0chan2: Channel 2 have been requested.(phy id 5,type 0x08 desc ac320000)
[  459.340146] =========== A =========== 
[  459.406256] dcm:0x00c00101
[  459.483184] dsa:0x0c278f20
[  459.551075] dta:0x0c278f60
[  459.606144] dtc:0xf8000040
[  459.669182] drt:0x00000008
[  459.731138] =========== B =========== 
[  459.776237] dcm:0x00c00101
[  459.837249] dsa:0x0c278f60
[  459.897163] dta:0x0c278f20
[  459.953240] dtc:0xf2000040
[  460.011181] drt:0x00000008
[  460.190397] dma dma0chan3: Channel 3 have been requested.(phy id 4,type 0x08 desc ac3b4000)
[  460.339210] =========== A =========== 
[  460.416054] dcm:0x00c00001
    3 root     [ksoftirqd/0][  460.471239] dsa:0x0c278a20

[  460.533146] dta:0x0c278a60
[  460.589170] dtc:0xa8000010
[  460.632202] drt:0x00000008
[  460.676176] =========== B =========== 
[  460.716094] dcm:0x00c00001
[  460.747175] dsa:0x0c278a60
[  460.788115] dta:0x0c278a20
[  460.836148] dtc:0xa2000010
[  460.875089] drt:0x00000008
[  476.821458] dma dma0chan4: Channel 4 have been requested.(phy id 3,type 0x08 desc ac395000)
[  476.950127] =========== A =========== 
[  476.999042] dcm:0x00c00001
[  477.064115] dsa:0x0c278820
[  477.096105] dta:0x0c278860
[  477.157168] dtc:0x88000010
[  478.419203] drt:0x00000008
[  478.517247] =========== B =========== 
[  478.564083] dcm:0x00c00001
[  478.609130] dsa:0x0c278860
[  478.659197] dta:0x0c278820
[  478.706071] dtc:0x82000010
[  478.744099] drt:0x00000008
[  478.867321] dma dma0chan5: Channel 5 have been requested.(phy id 2,type 0x08 desc ac3d9000)
[  480.300069] =========== A =========== 
[  480.367151] dcm:0x00c00301
[  480.695197] dsa:0x0c19ea20
[  480.747154] dta:0x0c19ea60
[  480.790121] dtc:0xa8000004
[  480.826215] drt:0x00000008
    4 root     [kworker/0:0][  480.889197] =========== B =========== 

[  480.948212] dcm:0x00c00301
[  480.991190] dsa:0x0c19ea60
[  481.037215] dta:0x0c19ea20
[  481.092111] dtc:0xa2000004
[  481.144076] drt:0x00000008
[  481.301375] dma dma0chan6: Channel 6 have been requested.(phy id 1,type 0x08 desc ac34c000)
[  481.393221] =========== A =========== 
[  481.452049] dcm:0x00c00401
[  481.504110] dsa:0x0c38a320
[  481.548221] dta:0x0c38a360
[  481.594183] dtc:0x38000002
[  481.635038] drt:0x00000008
[  481.686201] =========== B =========== 
[  481.718066] dcm:0x00c00401
[  481.782099] dsa:0x0c38a360
[  481.826089] dta:0x0c38a320
[  481.851177] dtc:0x32000002
[  481.894121] drt:0x00000008
[  481.966418] dma dma0chan7: Channel 7 have been requested.(phy id 0,type 0x08 desc ac3d2000)
[  482.018145] =========== A =========== 
[  482.053110] dcm:0x00c00501
[  482.079227] dsa:0x0c33e620
[  482.402204] dta:0x0c33e6a0
[  482.441151] dtc:0x6e000002
[  482.480091] drt:0x00000008
[  482.508040] =========== B =========== 
[  482.586202] dcm:0x00c00501
[  482.621145] dsa:0x0c33e6a0
[  482.662162] dta:0x0c33e620
    5 root     [kworker/0:0H][  482.720087] dtc:0x62000002
[  482.756165] drt:0x00000008

[  482.806276] dma channel request failed! curid = 6, burstlen: 128 ignored
[  482.845140] dda:b34200b8->0x0c278f20
[  482.903133] ddrs:b342100c->0x00000020
[  482.928255] dda:b3420098->0x0c278a20
[  482.961128] ddrs:b342100c->0x00000010
[  482.987150] dda:b3420078->0x0c278820
[  483.019105] ddrs:b342100c->0x00000008
[  483.051263] dda:b3420058->0x0c19ea20
[  483.079149] ddrs:b342100c->0x00000004
[  483.109255] dda:b3420038->0x0c38a320
[  483.135196] ddrs:b342100c->0x00000002
[  483.165106] dda:b3420018->0x0c33e620
[  483.437284] ddrs:b342100c->0x00000001
    6 root     [kworker/u4:0]
    7 root     [migration/0]
StorageMedia-Test.sh  ether-wake            mem-15-3-noprintf
    8 root     [rcu_preempt]
addgroup              fdformat              membreak
adduser               filefrag              memtest.sh
arping                findfs                mke2fs
atomictest            fpga-cputest+ltp.sh   mkfs.ext2
    9 root     [rcu_bh]
badblocks             fpga-cputest.sh       mkfs.ext3
chroot                fpga-dmacachetest.sh  mkfs.ext4
cpureboot.sh          fpga-rixitest.sh      mkfs.ext4dev
cputest.sh            fsck                  mklost+found
crond                 fsck.ext2             rdate
   10 root     [rcu_sched]
ddr_test_nosimd       fsck.ext3             readprofile
ddr_test_simd         fsck.ext4             rixitest
ddrtest.sh            fsck.ext4dev          rixitest-t3
delgroup              inetd                 rixitest.sh
deluser               kdump                 rtcwake
dmacachetest.sh       kexec                 setlogcons
   11 root     [watchdog/0]
dnsd                  killall5              switchcpu.sh
dumpe2fs              ldattach              tune2fs
[  497.470188] d:80016e34
[  497.534315] writeback_align_address test addr: 8c38a440
e2freefrag            loadfont              vmcore-dmesg
[  498.011147] d:8001661c
e2fsck                logsave               wpa_supplicant
   12 root     [watchdog/1]
e2label               ltp_test.sh
e2undo                mem-15-3
[  572.558542] blast_writeback_all test addr: 8c400040
[  573.627302] d:80016c78
[  573.688137] writeback_align_size test addr: 8c38a440
   13 root     [migration/1]
   14 root     [ksoftirqd/1]
[  579.579310] d:8001661c
[  579.850413] blast_writeback_all test addr: 8c800040
   15 root     [kworker/1:0]
   16 root     [kworker/1:0H]
   17 root     [khelper]
   18 root     [kdevtmpfs]
   19 root     [writeback]
   20 root     [bioset]
   21 root     [kblockd]
   22 root     [cfg80211]
   23 root     [kworker/0:1]
   24 root     [kworker/1:1]
   25 root     [rpciod]
   26 root     [khungtaskd]
   27 root     [kswapd0]
   28 root     [fsnotify_mark]
   29 root     [nfsiod]
   30 root     [crypto]
   46 root     [mmcqd/0]
   47 root     [deferwq]
   48 root     [kworker/u4:2]
   49 root     [kworker/0:1H]
   50 root     [kworker/1:1H]
   51 root     [jbd2/mmcblk0p7-]
   52 root     [ext4-dio-unwrit]
   63 root     /sbin/syslogd -n
   66 root     /sbin/klogd -n
   82 root     -/bin/sh
   92 root     -/bin/sh
   93 root     -/bin/sh
Test Run ...
PORT_READ = 0x00000001
PORT_WRITE = 0x00000002
PORT_EXEC = 0x00000004
Test Run ...
PORT_READ = 0x00000001
PORT_WRITE = 0x00000002
PORT_EXEC = 0x00000004
Exception: SIGSEGV thread id 112 pid = 112
   94 root     membreak
   95 root     -/bin/sh
   96 root     {switchcpu.sh} /bin/sh /usr/sbin/switchcpu.sh
   99 root     ps
Exception: SIGSEGV thread id 110 pid = 110
  108 root     ddr_test_nosimd -c -w -p 4M -l 100
  110 root     [rixitest]
PID   USER     COMMAND
[ 1422.239262] d:8001661c
[ 1422.385209] blast_writeback_all test addr: 8c800040
    1 root     init
StorageMedia-Test.sh  ether-wake            mem-15-3-noprintf
addgroup              fdformat              membreak
adduser               filefrag              memtest.sh
arping                findfs                mke2fs
Test Run ...
atomictest            fpga-cputest+ltp.sh   mkfs.ext2
badblocks             fpga-cputest.sh       mkfs.ext3
PORT_READ = 0x00000001
chroot                fpga-dmacachetest.sh  mkfs.ext4
PORT_WRITE = 0x00000002
cpureboot.sh          fpga-rixitest.sh      mkfs.ext4dev
PORT_EXEC = 0x00000004
cputest.sh            fsck                  mklost+found
crond                 fsck.ext2             rdate
Test Run ...
ddr_test_nosimd       fsck.ext3             readprofile
PORT_READ = 0x00000001
ddr_test_simd         fsck.ext4             rixitest
PORT_WRITE = 0x00000002
PORT_EXEC = 0x00000004
ddrtest.sh            fsck.ext4dev          rixitest-t3
delgroup              inetd                 rixitest.sh
deluser               kdump                 rtcwake
dmacachetest.sh       kexec                 setlogcons
dnsd                  killall5              switchcpu.sh
dumpe2fs              ldattach              tune2fs
e2freefrag            loadfont              vmcore-dmesg
e2fsck                logsave               wpa_supplicant
e2label               ltp_test.sh
e2undo                mem-15-3
    2 root     [kthreadd]
Exception: SIGSEGV thread id 178 pid = 178
Exception: SIGSEGV thread id 184 pid = 184
    3 root     [ksoftirqd/0]
    4 root     [kworker/0:0]
    5 root     [kworker/0:0H]
    6 root     [kworker/u4:0]
    7 root     [migration/0]
Copy Test...
    8 root     [rcu_preempt]
StorageMedia-Test.sh  ether-wake            mem-15-3-noprintf
addgroup              fdformat              membreak
adduser               filefrag              memtest.sh
arping                findfs                mke2fs
atomictest            fpga-cputest+ltp.sh   mkfs.ext2
badblocks             fpga-cputest.sh       mkfs.ext3
chroot                fpga-dmacachetest.sh  mkfs.ext4
cpureboot.sh          fpga-rixitest.sh      mkfs.ext4dev
cputest.sh            fsck                  mklost+found
crond                 fsck.ext2             rdate
ddr_test_nosimd       fsck.ext3             readprofile
ddr_test_simd         fsck.ext4             rixitest
    9 root     [rcu_bh]
ddrtest.sh            fsck.ext4dev          rixitest-t3
delgroup              inetd                 rixitest.sh
deluser               kdump                 rtcwake
dmacachetest.sh       kexec                 setlogcons
[ 2378.985129] SMP: CPU1 is offline
   10 root     [rcu_sched]
[ 2379.332180] SMP[1] is disabled
dnsd                  killall5              switchcpu.sh
PID   USER     COMMAND
dumpe2fs              ldattach              tune2fs
e2freefrag            loadfont              vmcore-dmesg
   11 root     [watchdog/0]
e2fsck                logsave               wpa_supplicant
e2label               ltp_test.sh
e2undo                mem-15-3
   12 root     [watchdog/1]
   13 root     [migration/1]
StorageMedia-Test.sh  ether-wake            mem-15-3-noprintf
addgroup              fdformat              membreak
adduser               filefrag              memtest.sh
arping                findfs                mke2fs
   14 root     [ksoftirqd/1]
atomictest            fpga-cputest+ltp.sh   mkfs.ext2
badblocks             fpga-cputest.sh       mkfs.ext3
chroot                fpga-dmacachetest.sh  mkfs.ext4
cpureboot.sh          fpga-rixitest.sh      mkfs.ext4dev
   15 root     [kworker/1:0]
cputest.sh            fsck                  mklost+found
crond                 fsck.ext2             rdate
ddr_test_nosimd       fsck.ext3             readprofile
ddr_test_simd         fsck.ext4             rixitest
   16 root     [kworker/1:0H]
ddrtest.sh            fsck.ext4dev          rixitest-t3
delgroup              inetd                 rixitest.sh
deluser               kdump                 rtcwake
   17 root     [khelper]
dmacachetest.sh       kexec                 setlogcons
dnsd                  killall5              switchcpu.sh
dumpe2fs              ldattach              tune2fs
e2freefrag            loadfont              vmcore-dmesg
PID   USER     COMMAND
   18 root     [kdevtmpfs]
e2fsck                logsave               wpa_supplicant
e2label               ltp_test.sh
e2undo                mem-15-3
   19 root     [writeback]
   20 root     [bioset]
   21 root     [kblockd]
StorageMedia-Test.sh  ether-wake            mem-15-3-noprintf
addgroup              fdformat              membreak
   22 root     [cfg80211]
adduser               filefrag              memtest.sh
arping                findfs                mke2fs
    1 root     init
PID   USER     COMMAND
atomictest            fpga-cputest+ltp.sh   mkfs.ext2
   23 root     [kworker/0:1]
badblocks             fpga-cputest.sh       mkfs.ext3
chroot                fpga-dmacachetest.sh  mkfs.ext4
    2 root     [kthreadd]
cpureboot.sh          fpga-rixitest.sh      mkfs.ext4dev
   24 root     [kworker/1:1]
cputest.sh            fsck                  mklost+found
crond                 fsck.ext2             rdate
PID   USER     COMMAND
    3 root     [ksoftirqd/0]
ddr_test_nosimd       fsck.ext3             readprofile
ddr_test_simd         fsck.ext4             rixitest
   25 root     [rpciod]
ddrtest.sh            fsck.ext4dev          rixitest-t3
delgroup              inetd                 rixitest.sh
    4 root     [kworker/0:0]
deluser               kdump                 rtcwake
dmacachetest.sh       kexec                 setlogcons
   26 root     [khungtaskd]
dnsd                  killall5              switchcpu.sh
dumpe2fs              ldattach              tune2fs
    5 root     [kworker/0:0H]
e2freefrag            loadfont              vmcore-dmesg
e2fsck                logsave               wpa_supplicant
   27 root     [kswapd0]
e2label               ltp_test.sh
e2undo                mem-15-3
    6 root     [kworker/u4:0]
   28 root     [fsnotify_mark]
    7 root     [migration/0]
    1 root     init
   29 root     [nfsiod]
    8 root     [rcu_preempt]
    2 root     [kthreadd]
   30 root     [crypto]
    9 root     [rcu_bh]
    3 root     [ksoftirqd/0]
   46 root     [mmcqd/0]
StorageMedia-Test.sh  ether-wake            mem-15-3-noprintf
   10 root     [rcu_sched]
addgroup              fdformat              membreak
    4 root     [kworker/0:0]
adduser               filefrag              memtest.sh
   47 root     [deferwq]
arping                findfs                mke2fs
   11 root     [watchdog/0]
atomictest            fpga-cputest+ltp.sh   mkfs.ext2
badblocks             fpga-cputest.sh       mkfs.ext3
    5 root     [kworker/0:0H]
chroot                fpga-dmacachetest.sh  mkfs.ext4
   48 root     [kworker/u4:2]
   12 root     [watchdog/1]
cpureboot.sh          fpga-rixitest.sh      mkfs.ext4dev
cputest.sh            fsck                  mklost+found
    6 root     [kworker/u4:0]
crond                 fsck.ext2             rdate
    1 root     init
   13 root     [migration/1]
   49 root     [kworker/0:1H]
ddr_test_nosimd       fsck.ext3             readprofile
ddr_test_simd         fsck.ext4             rixitest
ddrtest.sh            fsck.ext4dev          rixitest-t3
    7 root     [migration/0]
   50 root     [kworker/1:1H]
    2 root     [kthreadd]
[ 2847.366327] d:80016a74
[ 2847.468226] invalid_align_address test addr: 8c33ca40
   14 root     [ksoftirqd/1]
delgroup              inetd                 rixitest.sh
PID   USER     COMMAND
deluser               kdump                 rtcwake
dmacachetest.sh       kexec                 setlogcons
    8 root     [rcu_preempt]
    3 root     [ksoftirqd/0]
   51 root     [jbd2/mmcblk0p7-]
dnsd                  killall5              switchcpu.sh
   15 root     [kworker/1:0]
dumpe2fs              ldattach              tune2fs
e2freefrag            loadfont              vmcore-dmesg
    9 root     [rcu_bh]
   52 root     [ext4-dio-unwrit]
    4 root     [kworker/0:0]
e2fsck                logsave               wpa_supplicant
   16 root     [kworker/1:0H]
e2label               ltp_test.sh
e2undo                mem-15-3
   10 root     [rcu_sched]
    5 root     [kworker/0:0H]
   63 root     /sbin/syslogd -n
   17 root     [khelper]
    1 root     init
[ 2897.799277] d:800168cc
[ 2897.903320] invalid_align_size test addr: 8c33ca40
   11 root     [watchdog/0]
    6 root     [kworker/u4:0]
   18 root     [kdevtmpfs]
    2 root     [kthreadd]
   66 root     /sbin/klogd -n
   12 root     [watchdog/1]
   19 root     [writeback]
    7 root     [migration/0]
    3 root     [ksoftirqd/0]
   82 root     -/bin/sh
    8 root     [rcu_preempt]
   13 root     [migration/1][ 2938.375251] d:80016e34

[ 2938.502180] writeback_align_address test addr: 8c310140
   20 root     [bioset]
    4 root     [kworker/0:0]
   92 root     -/bin/sh
   14 root     [ksoftirqd/1]
    9 root     [rcu_bh]
   21 root     [kblockd]
    5 root     [kworker/0:0H]
[ 2984.587305] d:800168cc
[ 2985.088284] invalid_align_size test addr: 8c33ca40
   93 root     -/bin/sh
Test Run ...
   22 root     [cfg80211]
   15 root     [kworker/1:0]
   10 root     [rcu_sched]
    6 root     [kworker/u4:0]
PORT_READ = 0x00000001
PORT_WRITE = 0x00000002
PORT_EXEC = 0x00000004
   23 root     [kworker/0:1]
   11 root     [watchdog/0]
   16 root     [kworker/1:0H]
    7 root     [migration/0]
[ 3005.495316] d:80016c78
[ 3005.625259] writeback_align_size test addr: 8c310140
   17 root     [khelper]
   24 root     [kworker/1:1]
   12 root     [watchdog/1]
    8 root     [rcu_preempt]
   25 root     [rpciod]
   18 root     [kdevtmpfs]
   13 root     [migration/1]
[ 3017.508205] d:8001661c
    9 root     [rcu_bh]
[ 3018.253208] blast_writeback_all test addr: 8c800040
   26 root     [khungtaskd]
   19 root     [writeback]
   14 root     [ksoftirqd/1]
    1 root     init
   94 root     membreak
   10 root     [rcu_sched]
   27 root     [kswapd0]
   15 root     [kworker/1:0]
   20 root     [bioset]
    2 root     [kthreadd]
   11 root     [watchdog/0]
   95 root     -/bin/sh
   28 root     [fsnotify_mark]
   16 root     [kworker/1:0H]
   21 root     [kblockd]
    3 root     [ksoftirqd/0]
   12 root     [watchdog/1]
Exception: SIGSEGV thread id 239 pid = 239
   29 root     [nfsiod]
   17 root     [khelper]
   22 root     [cfg80211]
   96 root     {switchcpu.sh} /bin/sh /usr/sbin/switchcpu.sh
    4 root     [kworker/0:0]
   13 root     [migration/1]
   18 root     [kdevtmpfs]
   30 root     [crypto]
   23 root     [kworker/0:1]
    5 root     [kworker/0:0H]
  108 root     ddr_test_nosimd -c -w -p 4M -l 100
[ 3110.215286] d:80016764
   14 root     [ksoftirqd/1]
   19 root     [writeback][ 3111.412259] blast_invalid_all test addr: 8c400040

   46 root     [mmcqd/0]
    6 root     [kworker/u4:0]
   24 root     [kworker/1:1]
   15 root     [kworker/1:0]
   20 root     [bioset]
  111 root     ddr_test_simd -c -w -p 4M -l 100
   47 root     [deferwq]
    7 root     [migration/0]
   25 root     [rpciod]
   16 root     [kworker/1:0H]
   21 root     [kblockd]
   48 root     [kworker/u4:2]
    8 root     [rcu_preempt]
   26 root     [khungtaskd]
  119 root     [l2c_test0-func0]
   17 root     [khelper]
   22 root     [cfg80211]
   49 root     [kworker/0:1H]
    9 root     [rcu_bh]
   27 root     [kswapd0]
  121 root     [l2c_test1-func5]
   18 root     [kdevtmpfs]
   23 root     [kworker/0:1]
   50 root     [kworker/1:1H]
   10 root     [rcu_sched]
   28 root     [fsnotify_mark]
   24 root     [kworker/1:1]
   19 root     [writeback]
   51 root     [jbd2/mmcblk0p7-]
   11 root     [watchdog/0]
   29 root     [nfsiod]
  191 root     ps
   20 root     [bioset]
   25 root     [rpciod]
   52 root     [ext4-dio-unwrit]
   12 root     [watchdog/1]
   30 root     [crypto]
   26 root     [khungtaskd]
   21 root     [kblockd]
   13 root     [migration/1]
   46 root     [mmcqd/0]
   63 root     /sbin/syslogd -n
   27 root     [kswapd0]
   47 root     [deferwq]
   22 root     [cfg80211]
   14 root     [ksoftirqd/1]
   66 root     /sbin/klogd -n
   48 root     [kworker/u4:2]
   23 root     [kworker/0:1]
   28 root     [fsnotify_mark]
   15 root     [kworker/1:0]
   82 root     -/bin/sh
   49 root     [kworker/0:1H]
   24 root     [kworker/1:1]
   29 root     [nfsiod]
   16 root     [kworker/1:0H]
   25 root     [rpciod]
   50 root     [kworker/1:1H]
   17 root     [khelper]
   30 root     [crypto]
   92 root     -/bin/sh
   51 root     [jbd2/mmcblk0p7-]
   26 root     [khungtaskd]
   18 root     [kdevtmpfs]
   46 root     [mmcqd/0]
Test Run ...
PORT_READ = 0x00000001
   52 root     [ext4-dio-unwrit]
   27 root     [kswapd0]
   19 root     [writeback]
   93 root     -/bin/sh
PORT_WRITE = 0x00000002
   47 root     [deferwq]
PORT_EXEC = 0x00000004
   28 root     [fsnotify_mark]
   20 root     [bioset]
   48 root     [kworker/u4:2]
   63 root     /sbin/syslogd -n
   21 root     [kblockd]
   29 root     [nfsiod]
   49 root     [kworker/0:1H]
   66 root     /sbin/klogd -n
   94 root     membreak
   30 root     [crypto]
   22 root     [cfg80211]
   50 root     [kworker/1:1H]
   82 root     -/bin/sh
   46 root     [mmcqd/0]
   23 root     [kworker/0:1]
   95 root     -/bin/sh
   51 root     [jbd2/mmcblk0p7-]
   92 root     -/bin/sh
   47 root     [deferwq]
   24 root     [kworker/1:1]
   52 root     [ext4-dio-unwrit]
   96 root     {switchcpu.sh} /bin/sh /usr/sbin/switchcpu.sh
   48 root     [kworker/u4:2]
   25 root     [rpciod]
   93 root     -/bin/sh
   63 root     /sbin/syslogd -n
Exception: SIGSEGV thread id 243 pid = 243
  108 root     ddr_test_nosimd -c -w -p 4M -l 100
   49 root     [kworker/0:1H]
   26 root     [khungtaskd]
   94 root     membreak
   66 root     /sbin/klogd -n
   50 root     [kworker/1:1H]
   27 root     [kswapd0]
  111 root     ddr_test_simd -c -w -p 4M -l 100
   95 root     -/bin/sh
   82 root     -/bin/sh
   51 root     [jbd2/mmcblk0p7-]
   28 root     [fsnotify_mark]
  119 root     [l2c_test0-func0]
   96 root     {switchcpu.sh} /bin/sh /usr/sbin/switchcpu.sh
   92 root     -/bin/sh
   29 root     [nfsiod]
   52 root     [ext4-dio-unwrit]
  121 root     [l2c_test1-func5]
   30 root     [crypto]
  108 root     ddr_test_nosimd -c -w -p 4M -l 100
   93 root     -/bin/sh
   63 root     /sbin/syslogd -n
   46 root     [mmcqd/0]
  214 root     ps
  111 root     ddr_test_simd -c -w -p 4M -l 100
   66 root     /sbin/klogd -n
   47 root     [deferwq]
  119 root     [l2c_test0-func0]
   82 root     -/bin/sh
  244 root     ps
   48 root     [kworker/u4:2]
  121 root     [l2c_test1-func5]
   92 root     -/bin/sh
   49 root     [kworker/0:1H]
   94 root     membreak
  214 root     ps
  254 root     ps
   93 root     -/bin/sh
   50 root     [kworker/1:1H]
  244 root     ps
  261 root     ps
   51 root     [jbd2/mmcblk0p7-]
   94 root     membreak
   95 root     -/bin/sh
  254 root     ps
   52 root     [ext4-dio-unwrit]
   95 root     -/bin/sh
   96 root     {switchcpu.sh} /bin/sh /usr/sbin/switchcpu.sh
  261 root     ps
   63 root     /sbin/syslogd -n
  108 root     ddr_test_nosimd -c -w -p 4M -l 100
   96 root     {switchcpu.sh} /bin/sh /usr/sbin/switchcpu.sh
PID   USER     COMMAND
   66 root     /sbin/klogd -n
  108 root     ddr_test_nosimd -c -w -p 4M -l 100
  111 root     ddr_test_simd -c -w -p 4M -l 100
  283 root     ps
  119 root     [l2c_test0-func0]
   82 root     -/bin/sh
  111 root     ddr_test_simd -c -w -p 4M -l 100
  121 root     [l2c_test1-func5]
  119 root     [l2c_test0-func0]
   92 root     -/bin/sh
  121 root     [l2c_test1-func5]
   93 root     -/bin/sh
   94 root     membreak
Copy Test...
  214 root     ps
  214 root     ps
StorageMedia-Test.sh  ether-wake            mem-15-3-noprintf
addgroup              fdformat              membreak
   95 root     -/bin/sh
adduser               filefrag              memtest.sh
arping                findfs                mke2fs
atomictest            fpga-cputest+ltp.sh   mkfs.ext2
  254 root     ps
badblocks             fpga-cputest.sh       mkfs.ext3
   96 root     {switchcpu.sh} /bin/sh /usr/sbin/switchcpu.sh
  254 root     ps
chroot                fpga-dmacachetest.sh  mkfs.ext4
cpureboot.sh          fpga-rixitest.sh      mkfs.ext4dev
cputest.sh            fsck                  mklost+found
crond                 fsck.ext2             rdate
  261 root     ps
  108 root     ddr_test_nosimd -c -w -p 4M -l 100
ddr_test_nosimd       fsck.ext3             readprofile
  261 root     ps
ddr_test_simd         fsck.ext4             rixitest
ddrtest.sh            fsck.ext4dev          rixitest-t3
delgroup              inetd                 rixitest.sh
  111 root     ddr_test_simd -c -w -p 4M -l 100
  283 root     ps
deluser               kdump                 rtcwake
dmacachetest.sh       kexec                 setlogcons
  283 root     ps
dnsd                  killall5              switchcpu.sh
  119 root     [l2c_test0-func0]
dumpe2fs              ldattach              tune2fs
e2freefrag            loadfont              vmcore-dmesg
e2fsck                logsave               wpa_supplicant
e2label               ltp_test.sh
e2undo                mem-15-3
  121 root     [l2c_test1-func5]
    1 root     init
    2 root     [kthreadd]
  283 root     ps
    3 root     [ksoftirqd/0]
    4 root     [kworker/0:0]
    5 root     [kworker/0:0H]
    6 root     [kworker/u4:0]
/usr/sbin/switchcpu.sh: line 14: /sys/devices/system/cpu/cpu2/online: No such file or directory
    7 root     [migration/0]
    8 root     [rcu_preempt]
    9 root     [rcu_bh]
   10 root     [rcu_sched]
   11 root     [watchdog/0]
   12 root     [watchdog/1]
   13 root     [migration/1]
   14 root     [ksoftirqd/1]
   15 root     [kworker/1:0]
   16 root     [kworker/1:0H]
   17 root     [khelper]
   18 root     [kdevtmpfs]
   19 root     [writeback]
   20 root     [bioset]
   21 root     [kblockd]
   22 root     [cfg80211]
   23 root     [kworker/0:1]
PID   USER     COMMAND
   24 root     [kworker/1:1]
   25 root     [rpciod]
   26 root     [khungtaskd]
   27 root     [kswapd0]
   28 root     [fsnotify_mark]
   29 root     [nfsiod]
   30 root     [crypto]
   46 root     [mmcqd/0]
Test Run ...
   47 root     [deferwq]
PORT_READ = 0x00000001
PORT_WRITE = 0x00000002
PORT_EXEC = 0x00000004
   48 root     [kworker/u4:2]
    1 root     init
Test Run ...
   49 root     [kworker/0:1H]
PORT_READ = 0x00000001
PORT_WRITE = 0x00000002
PORT_EXEC = 0x00000004
    2 root     [kthreadd]
   50 root     [kworker/1:1H]
   51 root     [jbd2/mmcblk0p7-]
    3 root     [ksoftirqd/0]
   52 root     [ext4-dio-unwrit]
    4 root     [kworker/0:0]
Exception: SIGSEGV thread id 385 pid = 385
    5 root     [kworker/0:0H]
   63 root     /sbin/syslogd -n
    6 root     [kworker/u4:0]
   66 root     /sbin/klogd -n
Exception: SIGSEGV thread id 392 pid = 392
    7 root     [migration/0]
   82 root     -/bin/sh
[ 4087.233255] d:8001661c
[ 4087.785209] blast_writeback_all test addr: 8c800040
    8 root     [rcu_preempt]
   92 root     -/bin/sh
    9 root     [rcu_bh]
   93 root     -/bin/sh
   10 root     [rcu_sched]
   94 root     membreak
   11 root     [watchdog/0]
   12 root     [watchdog/1]
   95 root     -/bin/sh
   13 root     [migration/1]
   14 root     [ksoftirqd/1]
   96 root     {switchcpu.sh} /bin/sh /usr/sbin/switchcpu.sh
   15 root     [kworker/1:0]
  108 root     ddr_test_nosimd -c -w -p 4M -l 100
   16 root     [kworker/1:0H]
  111 root     ddr_test_simd -c -w -p 4M -l 100
   17 root     [khelper]
  119 root     [l2c_test0-func0]
   18 root     [kdevtmpfs]
  121 root     [l2c_test1-func5][ 4168.519242] d:80016764

[ 4169.802317] blast_invalid_all test addr: 8c400040
   19 root     [writeback]
   20 root     [bioset]
  369 root     ps
   21 root     [kblockd]
   22 root     [cfg80211]
   23 root     [kworker/0:1]
   24 root     [kworker/1:1]
   25 root     [rpciod]
   26 root     [khungtaskd]
   27 root     [kswapd0]
   28 root     [fsnotify_mark]
   29 root     [nfsiod]
   30 root     [crypto]
   46 root     [mmcqd/0]
   47 root     [deferwq]
   48 root     [kworker/u4:2]
   49 root     [kworker/0:1H]
   50 root     [kworker/1:1H]
   51 root     [jbd2/mmcblk0p7-]
   52 root     [ext4-dio-unwrit]
   63 root     /sbin/syslogd -n
   66 root     /sbin/klogd -n
   82 root     -/bin/sh
   92 root     -/bin/sh
   93 root     -/bin/sh
   94 root     membreak
PID   USER     COMMAND
   95 root     -/bin/sh
   96 root     {switchcpu.sh} /bin/sh /usr/sbin/switchcpu.sh
  108 root     ddr_test_nosimd -c -w -p 4M -l 100
  111 root     ddr_test_simd -c -w -p 4M -l 100
  119 root     [l2c_test0-func0]
StorageMedia-Test.sh  ether-wake            mem-15-3-noprintf
addgroup              fdformat              membreak
adduser               filefrag              memtest.sh
  121 root     [l2c_test1-func5]
arping                findfs                mke2fs
atomictest            fpga-cputest+ltp.sh   mkfs.ext2
badblocks             fpga-cputest.sh       mkfs.ext3
chroot                fpga-dmacachetest.sh  mkfs.ext4
cpureboot.sh          fpga-rixitest.sh      mkfs.ext4dev
cputest.sh            fsck                  mklost+found
crond                 fsck.ext2             rdate
  433 root     ps
ddr_test_nosimd       fsck.ext3             readprofile
ddr_test_simd         fsck.ext4             rixitest
ddrtest.sh            fsck.ext4dev          rixitest-t3
delgroup              inetd                 rixitest.sh
deluser               kdump                 rtcwake
dmacachetest.sh       kexec                 setlogcons
dnsd                  killall5              switchcpu.sh
dumpe2fs              ldattach              tune2fs
e2freefrag            loadfont              vmcore-dmesg
e2fsck                logsave               wpa_supplicant
e2label               ltp_test.sh
e2undo                mem-15-3
/usr/sbin/switchcpu.sh: line 16: /sys/devices/system/cpu/cpu3/online: No such file or directory
    1 root     init
    2 root     [kthreadd]
    3 root     [ksoftirqd/0]
    4 root     [kworker/0:0]
    5 root     [kworker/0:0H]
    6 root     [kworker/u4:0]
    7 root     [migration/0]
    8 root     [rcu_preempt]
Test Run ...
PORT_READ = 0x00000001
PORT_WRITE = 0x00000002
PORT_EXEC = 0x00000004
    9 root     [rcu_bh]
   10 root     [rcu_sched]
Test Run ...
   11 root     [watchdog/0]
PORT_READ = 0x00000001
PORT_WRITE = 0x00000002
PORT_EXEC = 0x00000004
   12 root     [watchdog/1]
   13 root     [migration/1]
Exception: SIGSEGV thread id 507 pid = 507
   14 root     [ksoftirqd/1]
   15 root     [kworker/1:0]
   16 root     [kworker/1:0H]
Exception: SIGSEGV thread id 513 pid = 513
   17 root     [khelper]
   18 root     [kdevtmpfs]
   19 root     [writeback]
   20 root     [bioset]
   21 root     [kblockd]
   22 root     [cfg80211]
   23 root     [kworker/0:1]
   24 root     [kworker/1:1]
   25 root     [rpciod]
StorageMedia-Test.sh  ether-wake            mem-15-3-noprintf
addgroup              fdformat              membreak
adduser               filefrag              memtest.sh
   26 root     [khungtaskd]
arping                findfs                mke2fs
atomictest            fpga-cputest+ltp.sh   mkfs.ext2
badblocks             fpga-cputest.sh       mkfs.ext3
chroot                fpga-dmacachetest.sh  mkfs.ext4
   27 root     [kswapd0]
cpureboot.sh          fpga-rixitest.sh      mkfs.ext4dev
cputest.sh            fsck                  mklost+found
crond                 fsck.ext2             rdate
ddr_test_nosimd       fsck.ext3             readprofile
   28 root     [fsnotify_mark]
ddr_test_simd         fsck.ext4             rixitest
ddrtest.sh            fsck.ext4dev          rixitest-t3
delgroup              inetd                 rixitest.sh
deluser               kdump                 rtcwake
   29 root     [nfsiod]
dmacachetest.sh       kexec                 setlogcons
dnsd                  killall5              switchcpu.sh
dumpe2fs              ldattach              tune2fs
e2freefrag            loadfont              vmcore-dmesg
   30 root     [crypto]
e2fsck                logsave               wpa_supplicant
e2label               ltp_test.sh
e2undo                mem-15-3
   46 root     [mmcqd/0]
   47 root     [deferwq]
/usr/sbin/switchcpu.sh: line 18: /sys/devices/system/cpu/cpu2/online: No such file or directory
   48 root     [kworker/u4:2]
   49 root     [kworker/0:1H]
   50 root     [kworker/1:1H]
   51 root     [jbd2/mmcblk0p7-]
   52 root     [ext4-dio-unwrit]
   63 root     /sbin/syslogd -n
[ 4844.475351] d:80016e34
[ 4844.531171] writeback_align_address test addr: 8c310140
   66 root     /sbin/klogd -n
   82 root     -/bin/sh[ 4862.127348] d:800168cc

[ 4862.203165] invalid_align_size test addr: 8c33c840
   92 root     -/bin/sh
[ 4886.536361] d:80016764
[ 4886.891386] blast_invalid_all test addr: 8c800040
   93 root     -/bin/sh
   94 root     membreak
   95 root     -/bin/sh
   96 root     {switchcpu.sh} /bin/sh /usr/sbin/switchcpu.sh
  108 root     ddr_test_nosimd -c -w -p 4M -l 100
  111 root     ddr_test_simd -c -w -p 4M -l 100
PID   USER     COMMAND
  119 root     [l2c_test0-func0]
  121 root     [l2c_test1-func5]
[ 4950.262413] d:80016a74
[ 4950.372192] invalid_align_address test addr: 8c33c840
  538 root     ps
[ 4989.282408] d:80016e34
[ 4989.678209] writeback_align_address test addr: 8c310740
[ 5001.215350] d:80016c78
[ 5001.307183] writeback_align_size test addr: 8c310740
[ 5008.909283] d:80016a74
[ 5009.124325] invalid_align_address test addr: 8c33cc40
    1 root     init
    2 root     [kthreadd]
    3 root     [ksoftirqd/0]
[ 5042.328262] d:80016a74
[ 5042.464244] invalid_align_address test addr: 8c33cc40
    4 root     [kworker/0:0]
    5 root     [kworker/0:0H]
    6 root     [kworker/u4:0]
    7 root     [migration/0]
[ 5076.696234] d:80016e34
[ 5076.819226] writeback_align_address test addr: 8c310240
    8 root     [rcu_preempt]
[ 5092.503237] d:8001661c
[ 5093.840407] blast_writeback_all test addr: 8c400040
    9 root     [rcu_bh]
   10 root     [rcu_sched]
   11 root     [watchdog/0]
   12 root     [watchdog/1]
Test Run ...
PORT_READ = 0x00000001
PORT_WRITE = 0x00000002
PORT_EXEC = 0x00000004
   13 root     [migration/1]
   14 root     [ksoftirqd/1]
   15 root     [kworker/1:0]
Test Run ...
PORT_READ = 0x00000001
   16 root     [kworker/1:0H]
PORT_WRITE = 0x00000002
PORT_EXEC = 0x00000004
   17 root     [khelper]
Exception: SIGSEGV thread id 631 pid = 631
   18 root     [kdevtmpfs]
   19 root     [writeback]
PID   USER     COMMAND
   20 root     [bioset]
Exception: SIGSEGV thread id 637 pid = 637
   21 root     [kblockd]
   22 root     [cfg80211]
   23 root     [kworker/0:1]
   24 root     [kworker/1:1]
StorageMedia-Test.sh  ether-wake            mem-15-3-noprintf
addgroup              fdformat              membreak
adduser               filefrag              memtest.sh
arping                findfs                mke2fs
atomictest            fpga-cputest+ltp.sh   mkfs.ext2
   25 root     [rpciod]
badblocks             fpga-cputest.sh       mkfs.ext3
chroot                fpga-dmacachetest.sh  mkfs.ext4
cpureboot.sh          fpga-rixitest.sh      mkfs.ext4dev
cputest.sh            fsck                  mklost+found
   26 root     [khungtaskd]
crond                 fsck.ext2             rdate
ddr_test_nosimd       fsck.ext3             readprofile
ddr_test_simd         fsck.ext4             rixitest
ddrtest.sh            fsck.ext4dev          rixitest-t3
   27 root     [kswapd0]
delgroup              inetd                 rixitest.sh
deluser               kdump                 rtcwake
dmacachetest.sh       kexec                 setlogcons
dnsd                  killall5              switchcpu.sh
   28 root     [fsnotify_mark]
dumpe2fs              ldattach              tune2fs
e2freefrag            loadfont              vmcore-dmesg
e2fsck                logsave               wpa_supplicant
e2label               ltp_test.sh
   29 root     [nfsiod]
e2undo                mem-15-3
   30 root     [crypto]
    1 root     init
   46 root     [mmcqd/0]
    2 root     [kthreadd]
   47 root     [deferwq]
    3 root     [ksoftirqd/0]
   48 root     [kworker/u4:2]
    4 root     [kworker/0:0]
   49 root     [kworker/0:1H]
    5 root     [kworker/0:0H]
   50 root     [kworker/1:1H]
    6 root     [kworker/u4:0]
   51 root     [jbd2/mmcblk0p7-]
    7 root     [migration/0]
   52 root     [ext4-dio-unwrit]
    8 root     [rcu_preempt]
   63 root     /sbin/syslogd -n
    9 root     [rcu_bh]
   66 root     /sbin/klogd -n
   10 root     [rcu_sched]
   11 root     [watchdog/0]
   82 root     -/bin/sh
   12 root     [watchdog/1]
   92 root     -/bin/sh
   13 root     [migration/1]
   93 root     -/bin/sh
   14 root     [ksoftirqd/1]
   15 root     [kworker/1:0]
   16 root     [kworker/1:0H]
   17 root     [khelper]
   94 root     membreak
   18 root     [kdevtmpfs]
   95 root     -/bin/sh
   19 root     [writeback]
   96 root     {switchcpu.sh} /bin/sh /usr/sbin/switchcpu.sh
   20 root     [bioset]
   21 root     [kblockd]
  108 root     ddr_test_nosimd -c -w -p 4M -l 100
   22 root     [cfg80211]
  111 root     ddr_test_simd -c -w -p 4M -l 100
  119 root     [l2c_test0-func0]
   23 root     [kworker/0:1]
  121 root     [l2c_test1-func5]
   24 root     [kworker/1:1]
   25 root     [rpciod]
  653 root     ps
   26 root     [khungtaskd]
   27 root     [kswapd0]
   28 root     [fsnotify_mark]
   29 root     [nfsiod]
[ 5515.730313] [SMP] Booting CPU1 ...
[ 5515.848345] decode_config0: config0 = 80000603
[ 5515.848575] decode_config1: config1 = be6733db
[ 5515.848750] decode_config2: config2 = 8000235f
[ 5515.848904] decode_config3: config3 = 90003020
[ 5515.849080] decode_config4: config4 = e0fcc126
[ 5515.849222] decode_config5: config5 = 0
[ 5515.849389] decode_config4: config4 = e0fcc126
[ 5515.849547] TLBINV/F supported, config4=0xe0fcc126
[ 5515.849814] V/FTLB found: VTLB=32, FTLB sets=64, ways=4 total TLB=288
[ 5515.850028] ---------cpu_probe_ingenic, ====== 1312 
[ 5515.850372] CPU1 revision is: 00132000 (Ingenic Xburst@II)
[ 5515.850518] FPU revision is: 00f32000
[ 5515.850657] MSA revision is: 00002000
[ 5515.851100] Primary instruction cache 32kB, 8-way, VIPT, linesize 32 bytes.
[ 5515.851347] Primary data cache 32kB, 8-way, VIPT, no aliases, linesize 32 bytes
[ 5515.851568] pls check processor_id[0x00132000],sc_jz not support!
[ 5515.851724] =======found ...... ingenic sc cache ops ...!, found: 1
[ 5515.851724] 
[ 5515.851933] MIPS secondary cache 512kB, 16-way, linesize 64 bytes.
[ 5515.854292] #### now starting init for cpu : 1
[ 5515.854849] percpu irq inited.
[ 5515.855010] percpu cpu_num:1 timeevent init
[ 5515.856142] clockevents_config_and_register success.
[ 5515.899176] [SMP] slave cpu1 start up finished.
   30 root     [crypto]
   46 root     [mmcqd/0]
   47 root     [deferwq][ 5870.210417] INFO: task membreak:100 blocked for more than 120 seconds.

[ 5870.386100] "echo 0 > /proc/sys/kernel/hung_task_timeout_secs" disables this message.
[ 5870.592095] membreak        D 8040cf5c     0   100     92 0x00100000
[ 5870.943074] Stack : 00000001 8c33d05c 77057dd8 8008cb94 8053413c 80586800 00000000 8c33d060
	  8c3a3f30 00000001 00000002 8c3a8000 8c33d060
[ 5940.804704] INFO: rcu_preempt detected stalls on CPUs/tasks: {} (detected by 1, t=60008 jiffies, g=4207, c=4206, q=4)
[ 5940.813573] INFO: Stall ended before state dump start
[ 5948.803188]  8c3a3f30 8c33d000 00030002
	  00000001 8c33d05c 77057dd8 8040cf5c 77057dd8
[ 6120.808622] INFO: rcu_preempt detected stalls on CPUs/tasks: {} (detected by 1, t=240012 jiffies, g=4207, c=4206, q=4)
[ 6120.817463] INFO: Stall ended before state dump start
[ 6137.672155]  8040b38c 8c33d060 8040d458
	  8c3a7e48 8c3cde48 8c3a8000 00000001 721e7008 8c3a8000 00000029
[ 6300.813592] INFO: rcu_preempt detected stalls on CPUs/tasks: {} (detected by 1, t=420015 jiffies, g=4207, c=4206, q=4)
[ 6300.822493] INFO: Stall ended before state dump start
[ 6308.506156]  80027858
	  00000000 0000000b 00000006 00400000 0000000b 8001998c 8053413c 80586800
[ 6480.818879] INFO: rcu_preempt detected stalls on CPUs/tasks: {} (detected by 0, t=600017 jiffies, g=4207, c=4206, q=4)
[ 6480.827392] INFO: Stall ended before state dump start
[ 6482.904040] 
	  ...
[ 6564.996140] Call Trace:
[ 6597.349680] [<8040c05c>] __schedule+0x5d4/0x814
[ 6603.157476] [<8040cf5c>] __down_read+0xc0/0xec
[ 6637.013607] [<80027858>] do_page_fault+0x98/0x380
[ 6660.823543] INFO: rcu_preempt detected stalls on CPUs/tasks: {} (detected by 1, t=780026 jiffies, g=4207, c=4206, q=4)
[ 6660.832025] INFO: Stall ended before state dump start
[ 6689.196585] [<80019804>] resume_userspace_check+0x0/0x10
[ 6692.112081] 
[ 6699.256254] 1 lock held by membreak/100:
[ 6721.280129]  #0:  (&mm->mmap_sem){++++++}, at: [<80027858>] do_page_fault+0x98/0x380
[ 6840.828791] INFO: rcu_preempt detected stalls on CPUs/tasks: {} (detected by 0, t=960027 jiffies, g=4207, c=4206, q=4)
[ 6840.837010] INFO: Stall ended before state dump start
[ 6867.210332] INFO: task membreak:101 blocked for more than 120 seconds.
[ 6889.196113] "echo 0 > /proc/sys/kernel/hung_task_timeout_secs" disables this message.
[ 6894.656140] membreak        D 8040cf5c     0   101     92 0x00100000
[ 6905.167110] Stack : 00000001 8c33d05c 8c3a4000 8c3a5e18 8053413c 80586800 8c33d060 8c3a5f30
	  8c33d000 00030002 00000002 8c3a8b20 8c33d060 8c3a5f30 8c33d000 00030002
	  00000001 8c33d05c 76857dd8 8040cf5c 76857dd8 8040b38c 8c3a5e80 80520000
	  8c33d080 8c3a7e48 8c3a8b20 00000001 74426008 8c3a8b20 00000029 80027858
	  805a4220 80048b90 8c3a8b20 80041bd4 00000002 80042288 8c3a5e80 8c3a5e80
	  ...
[ 6910.116167] Call Trace:
[ 6910.210802] [<8040c05c>] __schedule+0x5d4/0x814
[ 6910.432644] [<8040cf5c>] __down_read+0xc0/0xec
[ 6910.763650] [<80027858>] do_page_fault+0x98/0x380
   48 root     [kworker/u4:2][ 6911.207757] [<80019804>] resume_userspace_check+0x0/0x10

[ 6911.367056] 
[ 6911.610301] 1 lock held by membreak/101:
[ 6911.721150]  #0:  (&mm->mmap_sem){++++++}, at: [<80027858>] do_page_fault+0x98/0x380
[ 6912.412349] INFO: task membreak:102 blocked for more than 120 seconds.
[ 6912.548217] "echo 0 > /proc/sys/kernel/hung_task_timeout_secs" disables this message.
[ 6912.843230] membreak        D 8040cf5c     0   102     92 0x00100000
[ 6913.198102] Stack : 00000000 00000000 75efedd8 8008cb94 8053413c 80586800 00000000 8040cf5c
	  14001c03 0000b142 00000002 8c3a9640 8c33d060 8c3a7f30 8c33d000 00030002
	  00000001 8c33d080 75efedd8 8040cf5c 75efedd8 8040b38c 8c3a7e80 80520000
	  8c3dfe48 8c33d080 8c3a9640 00000001 72610008 8c3a9640 00000029 800278e8
	  805a4220 80048b90 8c3a9640 80041bd4 00000002 80042288 8c3a7e80 8c3a7e80
	  ...
[ 6918.949108] Call Trace:
[ 6919.058807] [<8040c05c>] __schedule+0x5d4/0x814
[ 6919.401543] [<8040cf5c>] __down_read+0xc0/0xec
[ 6919.722693] [<80027858>] do_page_fault+0x98/0x380
[ 6919.956620] [<80019804>] resume_userspace_check+0x0/0x10
[ 6920.131142] 
[ 6920.313313] 1 lock held by membreak/102:
[ 6920.437221]  #0:  (&mm->mmap_sem){++++++}, at: [<80027858>] do_page_fault+0x98/0x380
   49 root     [kworker/0:1H]
[ 7050.162424] INFO: task membreak:103 blocked for more than 120 seconds.
[ 7050.402199] "echo 0 > /proc/sys/kernel/hung_task_timeout_secs" disables this message.
[ 7050.664239] membreak        D 8040cf5c     0   103     92 0x00100000
[ 7051.248098] Stack : 00000000 8c33d05c 8c3c2000 8c3c3e18 8053413c 80586800 00000000 8c3c3f30
	  8c33d000 00030002 00000002   50 root     [kworker/1:1H] 8c3aac80
 8c33d000 00000029 8c3c2000 00007174
	  00000001 8c33d05c 754fedd8 8040cf5c 754fedd8 8040b38c 8c3c3e80 80520000
	  8c30b718 00000029 00000002 00000000 00000029 8c3c3f30 8c33d000 00000001
	  8c3ab7a0 00000000 00000000 00400000 0000000b 8001998c 8053413c 80586800
	  ...
[ 7056.659114] Call Trace:
[ 7056.860851] [<8040c05c>] __schedule+0x5d4/0x814
[ 7057.122557] [<800d7560>] handle_mm_fault+0xfc/0x13c
[ 7057.482625] [<800278e8>] do_page_fault+0x128/0x380
[ 7057.755670] [<80019804>] resume_userspace_check+0x0/0x10
[ 7058.395161] 
[ 7058.537225] no locks held by membreak/103.
   51 root     [jbd2/mmcblk0p7-]
   52 root     [ext4-dio-unwrit]
   63 root     /sbin/syslogd -n
   66 root     /sbin/klogd -n
   82 root     -/bin/sh
   92 root     -/bin/sh
   93 root     -/bin/sh
[ 7171.460378] d:80016c78
[ 7171.554270] writeback_align_size test addr: 8c310140
   94 root     membreak
   95 root     -/bin/sh
[ 7194.226242] d:80016e34
[ 7194.304222] writeback_align_address test addr: 8c310140
   96 root     {switchcpu.sh} /bin/sh /usr/sbin/switchcpu.sh
  108 root     ddr_test_nosimd -c -w -p 4M -l 100
[ 7201.908435] d:80016a74
[ 7202.005328] invalid_align_address test addr: 8c33c040
  111 root     ddr_test_simd -c -w -p 4M -l 100
  119 root     [l2c_test0-func0]
  121 root     [l2c_test1-func5]
[ 7222.599392] d:80016a74
[ 7222.667330] invalid_align_address test addr: 8c33c040
  708 root     ps
Test Run ...
PORT_READ = 0x00000001
PORT_WRITE = 0x00000002
PORT_EXEC = 0x00000004
Test Run ...
PORT_READ = 0x00000001
[ 7242.987292] d:80016764
PORT_WRITE = 0x00000002
[ 7244.146314] blast_invalid_all test addr: 8c800040
PORT_EXEC = 0x00000004
StorageMedia-Test.sh  ether-wake            mem-15-3-noprintf
addgroup              fdformat              membreak
adduser               filefrag              memtest.sh
Exception: SIGSEGV thread id 755 pid = 755
arping                findfs                mke2fs
Exception: SIGSEGV thread id 761 pid = 761
atomictest            fpga-cputest+ltp.sh   mkfs.ext2
badblocks             fpga-cputest.sh       mkfs.ext3
chroot                fpga-dmacachetest.sh  mkfs.ext4
cpureboot.sh          fpga-rixitest.sh      mkfs.ext4dev
cputest.sh            fsck                  mklost+found
crond                 fsck.ext2             rdate
ddr_test_nosimd       fsck.ext3             readprofile
ddr_test_simd         fsck.ext4             rixitest
ddrtest.sh            fsck.ext4dev          rixitest-t3
delgroup              inetd                 rixitest.sh
deluser               kdump                 rtcwake
dmacachetest.sh       kexec                 setlogcons
dnsd                  killall5              switchcpu.sh
dumpe2fs              ldattach              tune2fs
e2freefrag            loadfont              vmcore-dmesg
e2fsck                logsave               wpa_supplicant
e2label               ltp_test.sh
e2undo                mem-15-3
/usr/sbin/switchcpu.sh: line 22: /sys/devices/system/cpu/cpu3/online: No such file or directory
[ 7412.586287] d:800168cc
[ 7412.906295] invalid_align_size test addr: 8c33da40
StorageMedia-Test.sh  ether-wake            mem-15-3-noprintf
addgroup              fdformat              membreak
adduser               filefrag              memtest.sh
arping                findfs                mke2fs
atomictest            fpga-cputest+ltp.sh   mkfs.ext2
badblocks             fpga-cputest.sh       mkfs.ext3
chroot                fpga-dmacachetest.sh  mkfs.ext4
cpureboot.sh          fpga-rixitest.sh      mkfs.ext4dev
[ 7426.686312] d:80016c78
[ 7426.770219] writeback_align_size test addr: 8c310440
cputest.sh            fsck                  mklost+found
crond                 fsck.ext2             rdate
ddr_test_nosimd       fsck.ext3             readprofile
ddr_test_simd         fsck.ext4             rixitest
ddrtest.sh            fsck.ext4dev          rixitest-t3
delgroup              inetd                 rixitest.sh
deluser               kdump                 rtcwake
dmacachetest.sh       kexec                 setlogcons
dnsd                  killall5              switchcpu.sh
dumpe2fs              ldattach              tune2fs
e2freefrag            loadfont              vmcore-dmesg
e2fsck                logsave               wpa_supplicant[ 7433.953363] d:80016e34

[ 7434.018293] writeback_align_address test addr: 8c310440
e2label               ltp_test.sh
e2undo                mem-15-3
[ 7448.225254] d:80016c78
[ 7448.606225] writeback_align_size test addr: 8c310440
[ 7452.450464] d:80016764
[ 7452.639422] blast_invalid_all test addr: 8c400040
PID   USER     COMMAND
PID   USER     COMMAND
    1 root     init
    2 root     [kthreadd]
    3 root     [ksoftirqd/0]
    4 root     [kworker/0:0]
    5 root     [kworker/0:0H]
    6 root     [kworker/u4:0]
    7 root     [migration/0]
    8 root     [rcu_preempt]
    9 root     [rcu_bh]
   10 root     [rcu_sched]
   11 root     [watchdog/0]
   12 root     [watchdog/1]
   13 root     [migration/1]
   14 root     [ksoftirqd/1]
   15 root     [kworker/1:0]
   16 root     [kworker/1:0H]
   17 root     [khelper]
   18 root     [kdevtmpfs]
Test Run ...
PORT_READ = 0x00000001
   19 root     [writeback]
PORT_WRITE = 0x00000002
PORT_EXEC = 0x00000004
   20 root     [bioset]
   21 root     [kblockd]
    1 root     init
   22 root     [cfg80211]
   23 root     [kworker/0:1]
   24 root     [kworker/1:1]
    2 root     [kthreadd]
   25 root     [rpciod]
    3 root     [ksoftirqd/0]
   26 root     [khungtaskd]
Exception: SIGSEGV thread id 876 pid = 876
   27 root     [kswapd0]
    4 root     [kworker/0:0]
   28 root     [fsnotify_mark]
   29 root     [nfsiod]
    5 root     [kworker/0:0H]
   30 root     [crypto]
   46 root     [mmcqd/0]
    6 root     [kworker/u4:0]
   47 root     [deferwq]
    7 root     [migration/0]
   48 root     [kworker/u4:2]
    8 root     [rcu_preempt]
    9 root     [rcu_bh]
   49 root     [kworker/0:1H]
   50 root     [kworker/1:1H]
   10 root     [rcu_sched]
   51 root     [jbd2/mmcblk0p7-]
   11 root     [watchdog/0]
   52 root     [ext4-dio-unwrit]
   63 root     /sbin/syslogd -n
   12 root     [watchdog/1]
   66 root     /sbin/klogd -n
   82 root     -/bin/sh
   13 root     [migration/1]
   92 root     -/bin/sh
   14 root     [ksoftirqd/1]
   93 root     -/bin/sh
   15 root     [kworker/1:0]
   16 root     [kworker/1:0H]
   94 root     membreak
   17 root     [khelper]
   18 root     [kdevtmpfs]
   95 root     -/bin/sh
   19 root     [writeback]
   20 root     [bioset]
   96 root     {switchcpu.sh} /bin/sh /usr/sbin/switchcpu.sh
   21 root     [kblockd]
   22 root     [cfg80211]
   23 root     [kworker/0:1]
  108 root     ddr_test_nosimd -c -w -p 4M -l 100
   24 root     [kworker/1:1]
  111 root     ddr_test_simd -c -w -p 4M -l 100
   25 root     [rpciod]
  119 root     [l2c_test0-func0]
  121 root     [l2c_test1-func5]
   26 root     [khungtaskd]
   27 root     [kswapd0]
  865 root     ps
   28 root     [fsnotify_mark]
  882 root     rixitest
   29 root     [nfsiod]
   30 root     [crypto]
  886 root     ps
   46 root     [mmcqd/0]
   47 root     [deferwq]
   48 root     [kworker/u4:2]
/usr/sbin/switchcpu.sh: line 24: /sys/devices/system/cpu/cpu3/online: No such file or directory
   49 root     [kworker/0:1H]
   50 root     [kworker/1:1H]
   51 root     [jbd2/mmcblk0p7-]
   52 root     [ext4-dio-unwrit]
Test Run ...
PORT_READ = 0x00000001
PORT_WRITE = 0x00000002
   63 root     /sbin/syslogd -n
PORT_EXEC = 0x00000004
   66 root     /sbin/klogd -n
   82 root     -/bin/sh
   92 root     -/bin/sh
   93 root     -/bin/sh
Exception: SIGSEGV thread id 882 pid = 882
   94 root     membreak
   95 root     -/bin/sh
   96 root     {switchcpu.sh} /bin/sh /usr/sbin/switchcpu.sh
  108 root     ddr_test_nosimd -c -w -p 4M -l 100
  111 root     ddr_test_simd -c -w -p 4M -l 100
  119 root     [l2c_test0-func0]
  121 root     [l2c_test1-func5]
  865 root     ps
PID   USER     COMMAND
    1 root     init
    2 root     [kthreadd]
    3 root     [ksoftirqd/0]
    4 root     [kworker/0:0]
    5 root     [kworker/0:0H]
StorageMedia-Test.sh  ether-wake            mem-15-3-noprintf
addgroup              fdformat              membreak
adduser               filefrag              memtest.sh
    6 root     [kworker/u4:0]
    7 root     [migration/0]
arping                findfs                mke2fs
atomictest            fpga-cputest+ltp.sh   mkfs.ext2
    8 root     [rcu_preempt]
badblocks             fpga-cputest.sh       mkfs.ext3
chroot                fpga-dmacachetest.sh  mkfs.ext4
    9 root     [rcu_bh]
cpureboot.sh          fpga-rixitest.sh      mkfs.ext4dev
cputest.sh            fsck                  mklost+found
crond                 fsck.ext2             rdate
ddr_test_nosimd       fsck.ext3             readprofile
   10 root     [rcu_sched]
ddr_test_simd         fsck.ext4             rixitest
ddrtest.sh            fsck.ext4dev          rixitest-t3
delgroup              inetd                 rixitest.sh
deluser               kdump                 rtcwake
dmacachetest.sh       kexec                 setlogcons
dnsd                  killall5              switchcpu.sh
dumpe2fs              ldattach              tune2fs
e2freefrag            loadfont              vmcore-dmesg
e2fsck                logsave               wpa_supplicant
e2label               ltp_test.sh
e2undo                mem-15-3
   11 root     [watchdog/0]
[ 8713.814423] d:8001661c
Test Run ...
[ 8714.222433] blast_writeback_all test addr: 8c800040
PORT_READ = 0x00000001
/usr/sbin/switchcpu.sh: line 26: /sys/devices/system/cpu/cpu3/online: No such file or directory
PORT_WRITE = 0x00000002
PORT_EXEC = 0x00000004
   12 root     [watchdog/1]
   13 root     [migration/1]
   14 root     [ksoftirqd/1]
Exception: SIGSEGV thread id 999 pid = 999
   15 root     [kworker/1:0]
Test Run ...
PORT_READ = 0x00000001
   16 root     [kworker/1:0H]
PORT_WRITE = 0x00000002
PORT_EXEC = 0x00000004
   17 root     [khelper]
   18 root     [kdevtmpfs]
StorageMedia-Test.sh  ether-wake            mem-15-3-noprintf
   19 root     [writeback]
addgroup              fdformat              membreak
adduser               filefrag              memtest.sh
arping                findfs                mke2fs
atomictest            fpga-cputest+ltp.sh   mkfs.ext2
   20 root     [bioset]
badblocks             fpga-cputest.sh       mkfs.ext3
chroot                fpga-dmacachetest.sh  mkfs.ext4
cpureboot.sh          fpga-rixitest.sh      mkfs.ext4dev
   21 root     [kblockd]
cputest.sh            fsck                  mklost+found
PID   USER     COMMAND
crond                 fsck.ext2             rdate
ddr_test_nosimd       fsck.ext3             readprofile
   22 root     [cfg80211]
ddr_test_simd         fsck.ext4             rixitest
ddrtest.sh            fsck.ext4dev          rixitest-t3
delgroup              inetd                 rixitest.sh
deluser               kdump                 rtcwake
Exception: SIGSEGV thread id 1018 pid = 1018
   23 root     [kworker/0:1]
dmacachetest.sh       kexec                 setlogcons
dnsd                  killall5              switchcpu.sh
dumpe2fs              ldattach              tune2fs
e2freefrag            loadfont              vmcore-dmesg
   24 root     [kworker/1:1]
e2fsck                logsave               wpa_supplicant
e2label               ltp_test.sh
e2undo                mem-15-3
   25 root     [rpciod]
   26 root     [khungtaskd]
   27 root     [kswapd0]
   28 root     [fsnotify_mark]
   29 root     [nfsiod]
   30 root     [crypto]
   46 root     [mmcqd/0]
   47 root     [deferwq]
    1 root     init
   48 root     [kworker/u4:2]
    2 root     [kthreadd]
   49 root     [kworker/0:1H]
    3 root     [ksoftirqd/0]
   50 root     [kworker/1:1H]
    4 root     [kworker/0:0]
   51 root     [jbd2/mmcblk0p7-]
    5 root     [kworker/0:0H]
   52 root     [ext4-dio-unwrit]
    6 root     [kworker/u4:0]
   63 root     /sbin/syslogd -n
    7 root     [migration/0]
   66 root     /sbin/klogd -n
    8 root     [rcu_preempt]
    9 root     [rcu_bh]
   82 root     -/bin/sh
   10 root     [rcu_sched]
   92 root     -/bin/sh
   11 root     [watchdog/0]
   93 root     -/bin/sh
   12 root     [watchdog/1]
   13 root     [migration/1]
   14 root     [ksoftirqd/1]
   15 root     [kworker/1:0]
   16 root     [kworker/1:0H]
   17 root     [khelper]
   94 root     membreak
   18 root     [kdevtmpfs]
   95 root     -/bin/sh
   19 root     [writeback]
   20 root     [bioset]
   96 root     {switchcpu.sh} /bin/sh /usr/sbin/switchcpu.sh
   21 root     [kblockd]
   22 root     [cfg80211]
   23 root     [kworker/0:1]
  108 root     ddr_test_nosimd -c -w -p 4M -l 100
   24 root     [kworker/1:1]
  111 root     ddr_test_simd -c -w -p 4M -l 100
  119 root     [l2c_test0-func0]
   25 root     [rpciod]
  121 root     [l2c_test1-func5]
   26 root     [khungtaskd]
[ 9340.596337] d:80016a74
[ 9340.688340] invalid_align_address test addr: 8c33d840
   27 root     [kswapd0]
 1007 root     ps
   28 root     [fsnotify_mark]
   29 root     [nfsiod]
   30 root     [crypto]
   46 root     [mmcqd/0]
   47 root     [deferwq]
   48 root     [kworker/u4:2]
[ 9359.590420] d:80016764
[ 9360.222456] blast_invalid_all test addr: 8c400040
   49 root     [kworker/0:1H]
   50 root     [kworker/1:1H]
   51 root     [jbd2/mmcblk0p7-]
   52 root     [ext4-dio-unwrit]
   63 root     /sbin/syslogd -n
   66 root     /sbin/klogd -n
   82 root     -/bin/sh
   92 root     -/bin/sh
   93 root     -/bin/sh
   94 root     membreak
   95 root     -/bin/sh
   96 root     {switchcpu.sh} /bin/sh /usr/sbin/switchcpu.sh
  108 root     ddr_test_nosimd -c -w -p 4M -l 100
  111 root     ddr_test_simd -c -w -p 4M -l 100
PID   USER     COMMAND
  119 root     [l2c_test0-func0]
  121 root     [l2c_test1-func5]
 1056 root     ps
StorageMedia-Test.sh  ether-wake            mem-15-3-noprintf
addgroup              fdformat              membreak
Test Run ...
adduser               filefrag              memtest.sh
PORT_READ = 0x00000001
arping                findfs                mke2fs
PORT_WRITE = 0x00000002
atomictest            fpga-cputest+ltp.sh   mkfs.ext2
PORT_EXEC = 0x00000004
badblocks             fpga-cputest.sh       mkfs.ext3
chroot                fpga-dmacachetest.sh  mkfs.ext4
cpureboot.sh          fpga-rixitest.sh      mkfs.ext4dev
cputest.sh            fsck                  mklost+found
crond                 fsck.ext2             rdate
ddr_test_nosimd       fsck.ext3             readprofile
ddr_test_simd         fsck.ext4             rixitest
ddrtest.sh            fsck.ext4dev          rixitest-t3
delgroup              inetd                 rixitest.sh
deluser               kdump                 rtcwake
dmacachetest.sh       kexec                 setlogcons
dnsd                  killall5              switchcpu.sh
dumpe2fs              ldattach              tune2fs
e2freefrag            loadfont              vmcore-dmesg
e2fsck                logsave               wpa_supplicant
e2label               ltp_test.sh
e2undo                mem-15-3
    1 root     init
    2 root     [kthreadd]
Exception: SIGSEGV thread id 1090 pid = 1090
    3 root     [ksoftirqd/0]
    4 root     [kworker/0:0]
    5 root     [kworker/0:0H]
    6 root     [kworker/u4:0]
    7 root     [migration/0]
    8 root     [rcu_preempt]
    9 root     [rcu_bh]
   10 root     [rcu_sched]
   11 root     [watchdog/0]
   12 root     [watchdog/1]
   13 root     [migration/1]
   14 root     [ksoftirqd/1]
   15 root     [kworker/1:0]
   16 root     [kworker/1:0H]
   17 root     [khelper]
   18 root     [kdevtmpfs]
   19 root     [writeback]
   20 root     [bioset]
PID   USER     COMMAND
   21 root     [kblockd]
   22 root     [cfg80211]
   23 root     [kworker/0:1]
   24 root     [kworker/1:1]
StorageMedia-Test.sh  ether-wake            mem-15-3-noprintf
   25 root     [rpciod]
addgroup              fdformat              membreak
adduser               filefrag              memtest.sh
arping                findfs                mke2fs
StorageMedia-Test.sh  ether-wake            mem-15-3-noprintf
addgroup              fdformat              membreak
adduser               filefrag              memtest.sh
arping                findfs                mke2fs
atomictest            fpga-cputest+ltp.sh   mkfs.ext2
Test Run ...
badblocks             fpga-cputest.sh       mkfs.ext3
chroot                fpga-dmacachetest.sh  mkfs.ext4
PORT_READ = 0x00000001
cpureboot.sh          fpga-rixitest.sh      mkfs.ext4dev
PORT_WRITE = 0x00000002
PORT_EXEC = 0x00000004
cputest.sh            fsck                  mklost+found
crond                 fsck.ext2             rdate
ddr_test_nosimd       fsck.ext3             readprofile
ddr_test_simd         fsck.ext4             rixitest
ddrtest.sh            fsck.ext4dev          rixitest-t3
delgroup              inetd                 rixitest.sh
deluser               kdump                 rtcwake
dmacachetest.sh       kexec                 setlogcons
dnsd                  killall5              switchcpu.sh
dumpe2fs              ldattach              tune2fs
atomictest            fpga-cputest+ltp.sh   mkfs.ext2
[ 9787.223387] SMP: CPU1 is offline
[ 9787.350256] SMP[1] is disabled
e2freefrag            loadfont              vmcore-dmesg
   26 root     [khungtaskd]
badblocks             fpga-cputest.sh       mkfs.ext3
e2fsck                logsave               wpa_supplicant
chroot                fpga-dmacachetest.sh  mkfs.ext4
e2label               ltp_test.sh
cpureboot.sh          fpga-rixitest.sh      mkfs.ext4dev
e2undo                mem-15-3
Exception: SIGSEGV thread id 1100 pid = 1100
   27 root     [kswapd0]
cputest.sh            fsck                  mklost+found
crond                 fsck.ext2             rdate
ddr_test_nosimd       fsck.ext3             readprofile
ddr_test_simd         fsck.ext4             rixitest
   28 root     [fsnotify_mark]
ddrtest.sh            fsck.ext4dev          rixitest-t3
delgroup              inetd                 rixitest.sh
deluser               kdump                 rtcwake
dmacachetest.sh       kexec                 setlogcons
   29 root     [nfsiod]
dnsd                  killall5              switchcpu.sh
dumpe2fs              ldattach              tune2fs
e2freefrag            loadfont              vmcore-dmesg
   30 root     [crypto]
e2fsck                logsave               wpa_supplicant
e2label               ltp_test.sh
e2undo                mem-15-3
   46 root     [mmcqd/0]
   47 root     [deferwq]
    1 root     init
PID   USER     COMMAND
   48 root     [kworker/u4:2]
    2 root     [kthreadd]
   49 root     [kworker/0:1H]
    3 root     [ksoftirqd/0]
   50 root     [kworker/1:1H]
    4 root     [kworker/0:0]
    5 root     [kworker/0:0H]
   51 root     [jbd2/mmcblk0p7-]
    6 root     [kworker/u4:0]
   52 root     [ext4-dio-unwrit]
    7 root     [migration/0]
PID   USER     COMMAND
   63 root     /sbin/syslogd -n
    8 root     [rcu_preempt]
   66 root     /sbin/klogd -n
    9 root     [rcu_bh]
StorageMedia-Test.sh  ether-wake            mem-15-3-noprintf
   82 root     -/bin/sh
addgroup              fdformat              membreak
adduser               filefrag              memtest.sh
   10 root     [rcu_sched]
arping                findfs                mke2fs
atomictest            fpga-cputest+ltp.sh   mkfs.ext2
PID   USER     COMMAND
   92 root     -/bin/sh
badblocks             fpga-cputest.sh       mkfs.ext3
   11 root     [watchdog/0]
chroot                fpga-dmacachetest.sh  mkfs.ext4
cpureboot.sh          fpga-rixitest.sh      mkfs.ext4dev
cputest.sh            fsck                  mklost+found
crond                 fsck.ext2             rdate
   93 root     -/bin/sh
   12 root     [watchdog/1]
ddr_test_nosimd       fsck.ext3             readprofile
ddr_test_simd         fsck.ext4             rixitest
StorageMedia-Test.sh  ether-wake            mem-15-3-noprintf
ddrtest.sh            fsck.ext4dev          rixitest-t3
addgroup              fdformat              membreak
   13 root     [migration/1]
delgroup              inetd                 rixitest.sh
adduser               filefrag              memtest.sh
deluser               kdump                 rtcwake
   94 root     membreak
arping                findfs                mke2fs
    1 root     init
dmacachetest.sh       kexec                 setlogcons
atomictest            fpga-cputest+ltp.sh   mkfs.ext2
dnsd                  killall5              switchcpu.sh
badblocks             fpga-cputest.sh       mkfs.ext3
   14 root     [ksoftirqd/1]
dumpe2fs              ldattach              tune2fs
chroot                fpga-dmacachetest.sh  mkfs.ext4
e2freefrag            loadfont              vmcore-dmesg
   95 root     -/bin/sh
cpureboot.sh          fpga-rixitest.sh      mkfs.ext4dev
    2 root     [kthreadd]
e2fsck                logsave               wpa_supplicant
cputest.sh            fsck                  mklost+found
   15 root     [kworker/1:0]
e2label               ltp_test.sh
crond                 fsck.ext2             rdate
e2undo                mem-15-3
    3 root     [ksoftirqd/0]
ddr_test_nosimd       fsck.ext3             readprofile
   96 root     {switchcpu.sh} /bin/sh /usr/sbin/switchcpu.sh
ddr_test_simd         fsck.ext4             rixitest
   16 root     [kworker/1:0H]
ddrtest.sh            fsck.ext4dev          rixitest-t3
delgroup              inetd                 rixitest.sh
    4 root     [kworker/0:0]
deluser               kdump                 rtcwake
  108 root     ddr_test_nosimd -c -w -p 4M -l 100
   17 root     [khelper]
dmacachetest.sh       kexec                 setlogcons
dnsd                  killall5              switchcpu.sh
    5 root     [kworker/0:0H]
dumpe2fs              ldattach              tune2fs
   18 root     [kdevtmpfs]
e2freefrag            loadfont              vmcore-dmesg
  111 root     ddr_test_simd -c -w -p 4M -l 100
e2fsck                logsave               wpa_supplicant
PID   USER     COMMAND
e2label               ltp_test.sh
    6 root     [kworker/u4:0]
e2undo                mem-15-3
   19 root     [writeback]
  119 root     [l2c_test0-func0]
    1 root     init
    7 root     [migration/0]
   20 root     [bioset]
  121 root     [l2c_test1-func5]
    2 root     [kthreadd]
    8 root     [rcu_preempt]
   21 root     [kblockd]
    3 root     [ksoftirqd/0]
    9 root     [rcu_bh]
   22 root     [cfg80211]
    4 root     [kworker/0:0]
   10 root     [rcu_sched]
   23 root     [kworker/0:1]
    1 root     init
[10264.821166] d:80016764
    5 root     [kworker/0:0H][10269.886364] blast_invalid_all test addr: 8c800040

   11 root     [watchdog/0]
   24 root     [kworker/1:1]
    2 root     [kthreadd]
    6 root     [kworker/u4:0]
 1123 root     ps
   12 root     [watchdog/1]
   25 root     [rpciod]
